这是正常集群（openshift4.12）的节点日志。是 journalctl -f 的输出

Apr 10 14:22:10 ip-10-0-131-77 ovs-vswitchd[1226]: ovs|00220|connmgr|INFO|br-ex<->unix#586: 2 flow_mods in the last 0 s (2 adds)
Apr 10 14:22:16 ip-10-0-131-77 systemd[1]: run-runc-04a80c3f0ce5ac7d112dcb61ffdcb37f1da042ec633525ad5742c2ae7046b22f-runc.A5ECtg.mount: Succeeded.
Apr 10 14:22:25 ip-10-0-131-77 ovs-vswitchd[1226]: ovs|00221|connmgr|INFO|br-ex<->unix#596: 2 flow_mods in the last 0 s (2 adds)
Apr 10 14:22:31 ip-10-0-131-77 ovs-vswitchd[1226]: ovs|00222|connmgr|INFO|br-int<->unix#2: 8 flow_mods in the 2 s starting 10 s ago (4 adds, 4 deletes)
Apr 10 14:22:33 ip-10-0-131-77 kubenswrapper[2241]: I0410 14:22:33.195064    2241 kubelet_getters.go:182] "Pod status updated" pod="openshift-kube-controller-manager/kube-controller-manager-ip-10-0-131-77.us-east-2.compute.internal" status=Running
Apr 10 14:22:33 ip-10-0-131-77 kubenswrapper[2241]: I0410 14:22:33.195748    2241 kubelet_getters.go:182] "Pod status updated" pod="openshift-etcd/etcd-ip-10-0-131-77.us-east-2.compute.internal" status=Running
Apr 10 14:22:33 ip-10-0-131-77 kubenswrapper[2241]: I0410 14:22:33.195803    2241 kubelet_getters.go:182] "Pod status updated" pod="openshift-kube-scheduler/openshift-kube-scheduler-ip-10-0-131-77.us-east-2.compute.internal" status=Running
Apr 10 14:22:33 ip-10-0-131-77 kubenswrapper[2241]: I0410 14:22:33.195828    2241 kubelet_getters.go:182] "Pod status updated" pod="openshift-kube-apiserver/kube-apiserver-ip-10-0-131-77.us-east-2.compute.internal" status=Running
Apr 10 14:22:34 ip-10-0-131-77 kubenswrapper[2241]: I0410 14:22:34.967810    2241 kubelet.go:2135] "SyncLoop DELETE" source="api" pods=[openshift-controller-manager/controller-manager-69d4474cd-dwt99]
Apr 10 14:22:34 ip-10-0-131-77 kubenswrapper[2241]: I0410 14:22:34.968206    2241 kuberuntime_container.go:702] "Killing container with a grace period" pod="openshift-controller-manager/controller-manager-69d4474cd-dwt99" podUID=2867a1f6-9513-4d77-8f34-50ab8990e1a9 containerName="controller-manager" containerID="cri-o://3cac0c7419d465cb809fc2629511439d13f538549cf97ed3bec67d1eea5610db" gracePeriod=30
Apr 10 14:22:34 ip-10-0-131-77 crio[2197]: time="2025-04-10 14:22:34.968717168Z" level=info msg="Stopping container: 3cac0c7419d465cb809fc2629511439d13f538549cf97ed3bec67d1eea5610db (timeout: 30s)" id=70861250-fb4b-4427-ab4d-8a84869b7b68 name=/runtime.v1.RuntimeService/StopContainer
Apr 10 14:22:34 ip-10-0-131-77 kubenswrapper[2241]: I0410 14:22:34.989087    2241 kubelet.go:2135] "SyncLoop DELETE" source="api" pods=[openshift-route-controller-manager/route-controller-manager-68c756c4b-b7c7h]
Apr 10 14:22:34 ip-10-0-131-77 kubenswrapper[2241]: I0410 14:22:34.989372    2241 kuberuntime_container.go:702] "Killing container with a grace period" pod="openshift-route-controller-manager/route-controller-manager-68c756c4b-b7c7h" podUID=1a766b59-8063-4f4c-8816-35e9087b9ab1 containerName="route-controller-manager" containerID="cri-o://127439c840948dc854688f34df7c77e291dd56eeb228e9781ba93cd732346184" gracePeriod=30
Apr 10 14:22:34 ip-10-0-131-77 crio[2197]: time="2025-04-10 14:22:34.989722816Z" level=info msg="Stopping container: 127439c840948dc854688f34df7c77e291dd56eeb228e9781ba93cd732346184 (timeout: 30s)" id=fcbd0e98-ed02-4556-88ba-085a7dc1ae92 name=/runtime.v1.RuntimeService/StopContainer
Apr 10 14:22:35 ip-10-0-131-77 systemd[1]: crio-3cac0c7419d465cb809fc2629511439d13f538549cf97ed3bec67d1eea5610db.scope: Succeeded.
Apr 10 14:22:35 ip-10-0-131-77 systemd[1]: crio-3cac0c7419d465cb809fc2629511439d13f538549cf97ed3bec67d1eea5610db.scope: Consumed 1.948s CPU time
Apr 10 14:22:35 ip-10-0-131-77 systemd[1]: crio-conmon-3cac0c7419d465cb809fc2629511439d13f538549cf97ed3bec67d1eea5610db.scope: Succeeded.
Apr 10 14:22:35 ip-10-0-131-77 systemd[1]: crio-conmon-3cac0c7419d465cb809fc2629511439d13f538549cf97ed3bec67d1eea5610db.scope: Consumed 39ms CPU time
Apr 10 14:22:35 ip-10-0-131-77 systemd[1]: crio-conmon-127439c840948dc854688f34df7c77e291dd56eeb228e9781ba93cd732346184.scope: Succeeded.
Apr 10 14:22:35 ip-10-0-131-77 systemd[1]: crio-conmon-127439c840948dc854688f34df7c77e291dd56eeb228e9781ba93cd732346184.scope: Consumed 46ms CPU time
Apr 10 14:22:35 ip-10-0-131-77 systemd[1]: crio-127439c840948dc854688f34df7c77e291dd56eeb228e9781ba93cd732346184.scope: Succeeded.
Apr 10 14:22:35 ip-10-0-131-77 systemd[1]: crio-127439c840948dc854688f34df7c77e291dd56eeb228e9781ba93cd732346184.scope: Consumed 2.912s CPU time
Apr 10 14:22:35 ip-10-0-131-77 systemd[1]: var-lib-containers-storage-overlay-96a6b2fbe3f457eb76457e67fa54a8654618f5c98fd7abeb39cd3cd5d61158a2-merged.mount: Succeeded.
Apr 10 14:22:35 ip-10-0-131-77 systemd[1]: var-lib-containers-storage-overlay-96a6b2fbe3f457eb76457e67fa54a8654618f5c98fd7abeb39cd3cd5d61158a2-merged.mount: Consumed 0 CPU time
Apr 10 14:22:35 ip-10-0-131-77 crio[2197]: time="2025-04-10 14:22:35.196468926Z" level=info msg="Stopped container 3cac0c7419d465cb809fc2629511439d13f538549cf97ed3bec67d1eea5610db: openshift-controller-manager/controller-manager-69d4474cd-dwt99/controller-manager" id=70861250-fb4b-4427-ab4d-8a84869b7b68 name=/runtime.v1.RuntimeService/StopContainer
Apr 10 14:22:35 ip-10-0-131-77 crio[2197]: time="2025-04-10 14:22:35.197067151Z" level=info msg="Stopping pod sandbox: 5f265d59e865aed6278138351777cda673a843215692f8a3bb8de0b8cfe219b7" id=bfc1b9a9-17bd-4791-82fe-f41225e9ea45 name=/runtime.v1.RuntimeService/StopPodSandbox
Apr 10 14:22:35 ip-10-0-131-77 crio[2197]: time="2025-04-10 14:22:35.197480765Z" level=info msg="Got pod network &{Name:controller-manager-69d4474cd-dwt99 Namespace:openshift-controller-manager ID:5f265d59e865aed6278138351777cda673a843215692f8a3bb8de0b8cfe219b7 UID:2867a1f6-9513-4d77-8f34-50ab8990e1a9 NetNS:/var/run/netns/5e1f028f-8706-4ed9-a817-b62d9f658a33 Networks:[{Name:multus-cni-network Ifname:eth0}] RuntimeConfig:map[multus-cni-network:{IP: MAC: PortMappings:[] Bandwidth:<nil> IpRanges:[]}] Aliases:map[]}"
Apr 10 14:22:35 ip-10-0-131-77 crio[2197]: time="2025-04-10 14:22:35.197774277Z" level=info msg="Deleting pod openshift-controller-manager_controller-manager-69d4474cd-dwt99 from CNI network \"multus-cni-network\" (type=multus)"
Apr 10 14:22:35 ip-10-0-131-77 systemd[1]: var-lib-containers-storage-overlay-0dfbbd9d2feabf2f98b0b228bcbccf7fa9c42a51241a3eefbbaa4877b50ff448-merged.mount: Succeeded.
Apr 10 14:22:35 ip-10-0-131-77 crio[2197]: time="2025-04-10 14:22:35.215380335Z" level=info msg="Stopped container 127439c840948dc854688f34df7c77e291dd56eeb228e9781ba93cd732346184: openshift-route-controller-manager/route-controller-manager-68c756c4b-b7c7h/route-controller-manager" id=fcbd0e98-ed02-4556-88ba-085a7dc1ae92 name=/runtime.v1.RuntimeService/StopContainer
Apr 10 14:22:35 ip-10-0-131-77 crio[2197]: time="2025-04-10 14:22:35.216581706Z" level=info msg="Stopping pod sandbox: fe803f1de2eeecb3df02d51189251565e77f17fb22dccbd1ed417e811e49f09f" id=423aefb4-26fc-47dd-a1e4-ad0fed92f4ec name=/runtime.v1.RuntimeService/StopPodSandbox
Apr 10 14:22:35 ip-10-0-131-77 systemd[1]: var-lib-containers-storage-overlay-0dfbbd9d2feabf2f98b0b228bcbccf7fa9c42a51241a3eefbbaa4877b50ff448-merged.mount: Consumed 0 CPU time
Apr 10 14:22:35 ip-10-0-131-77 crio[2197]: time="2025-04-10 14:22:35.220424680Z" level=info msg="Got pod network &{Name:route-controller-manager-68c756c4b-b7c7h Namespace:openshift-route-controller-manager ID:fe803f1de2eeecb3df02d51189251565e77f17fb22dccbd1ed417e811e49f09f UID:1a766b59-8063-4f4c-8816-35e9087b9ab1 NetNS:/var/run/netns/ff2b0273-e5f3-403c-8fff-33ceaff9937c Networks:[{Name:multus-cni-network Ifname:eth0}] RuntimeConfig:map[multus-cni-network:{IP: MAC: PortMappings:[] Bandwidth:<nil> IpRanges:[]}] Aliases:map[]}"
Apr 10 14:22:35 ip-10-0-131-77 crio[2197]: time="2025-04-10 14:22:35.220648472Z" level=info msg="Deleting pod openshift-route-controller-manager_route-controller-manager-68c756c4b-b7c7h from CNI network \"multus-cni-network\" (type=multus)"
Apr 10 14:22:35 ip-10-0-131-77 kubenswrapper[2241]: I0410 14:22:35.529584    2241 generic.go:296] "Generic (PLEG): container finished" podID=1a766b59-8063-4f4c-8816-35e9087b9ab1 containerID="127439c840948dc854688f34df7c77e291dd56eeb228e9781ba93cd732346184" exitCode=0
Apr 10 14:22:35 ip-10-0-131-77 kubenswrapper[2241]: I0410 14:22:35.529653    2241 kubelet.go:2157] "SyncLoop (PLEG): event for pod" pod="openshift-route-controller-manager/route-controller-manager-68c756c4b-b7c7h" event=&{ID:1a766b59-8063-4f4c-8816-35e9087b9ab1 Type:ContainerDied Data:127439c840948dc854688f34df7c77e291dd56eeb228e9781ba93cd732346184}
Apr 10 14:22:35 ip-10-0-131-77 kubenswrapper[2241]: I0410 14:22:35.531070    2241 generic.go:296] "Generic (PLEG): container finished" podID=2867a1f6-9513-4d77-8f34-50ab8990e1a9 containerID="3cac0c7419d465cb809fc2629511439d13f538549cf97ed3bec67d1eea5610db" exitCode=0
Apr 10 14:22:35 ip-10-0-131-77 kubenswrapper[2241]: I0410 14:22:35.531129    2241 kubelet.go:2157] "SyncLoop (PLEG): event for pod" pod="openshift-controller-manager/controller-manager-69d4474cd-dwt99" event=&{ID:2867a1f6-9513-4d77-8f34-50ab8990e1a9 Type:ContainerDied Data:3cac0c7419d465cb809fc2629511439d13f538549cf97ed3bec67d1eea5610db}
Apr 10 14:22:35 ip-10-0-131-77 ovs-vswitchd[1226]: ovs|00223|bridge|INFO|bridge br-int: deleted interface 5f265d59e865aed on port 6
Apr 10 14:22:35 ip-10-0-131-77 kernel: device 5f265d59e865aed left promiscuous mode
Apr 10 14:22:35 ip-10-0-131-77 ovs-vswitchd[1226]: ovs|00224|bridge|INFO|bridge br-int: deleted interface fe803f1de2eeecb on port 14
Apr 10 14:22:35 ip-10-0-131-77 kernel: device fe803f1de2eeecb left promiscuous mode
Apr 10 14:22:35 ip-10-0-131-77 crio[2197]: 2025-04-10T14:22:35Z [verbose] Del: openshift-controller-manager:controller-manager-69d4474cd-dwt99:2867a1f6-9513-4d77-8f34-50ab8990e1a9:ovn-kubernetes:eth0 {"cniVersion":"0.4.0","dns":{},"ipam":{},"logFile":"/var/log/ovn-kubernetes/ovn-k8s-cni-overlay.log","logLevel":"4","logfile-maxage":5,"logfile-maxbackups":5,"logfile-maxsize":100,"name":"ovn-kubernetes","type":"ovn-k8s-cni-overlay"}
Apr 10 14:22:35 ip-10-0-131-77 crio[2197]: I0410 14:22:35.573029   59828 ovs.go:90] Maximum command line arguments set to: 191102
Apr 10 14:22:35 ip-10-0-131-77 systemd[1]: var-lib-containers-storage-overlay-1373687c32c6c94b9c45c5e6e6bf5a6dbaf670c06eee34be3d8c212a025b0f39-merged.mount: Succeeded.
Apr 10 14:22:35 ip-10-0-131-77 systemd[1]: var-lib-containers-storage-overlay-1373687c32c6c94b9c45c5e6e6bf5a6dbaf670c06eee34be3d8c212a025b0f39-merged.mount: Consumed 0 CPU time
Apr 10 14:22:36 ip-10-0-131-77 systemd[1]: run-utsns-5e1f028f\x2d8706\x2d4ed9\x2da817\x2db62d9f658a33.mount: Succeeded.
Apr 10 14:22:36 ip-10-0-131-77 systemd[1]: run-utsns-5e1f028f\x2d8706\x2d4ed9\x2da817\x2db62d9f658a33.mount: Consumed 0 CPU time
Apr 10 14:22:36 ip-10-0-131-77 systemd[1]: run-ipcns-5e1f028f\x2d8706\x2d4ed9\x2da817\x2db62d9f658a33.mount: Succeeded.
Apr 10 14:22:36 ip-10-0-131-77 systemd[1]: run-ipcns-5e1f028f\x2d8706\x2d4ed9\x2da817\x2db62d9f658a33.mount: Consumed 0 CPU time
Apr 10 14:22:36 ip-10-0-131-77 crio[2197]: 2025-04-10T14:22:35Z [verbose] Del: openshift-route-controller-manager:route-controller-manager-68c756c4b-b7c7h:1a766b59-8063-4f4c-8816-35e9087b9ab1:ovn-kubernetes:eth0 {"cniVersion":"0.4.0","dns":{},"ipam":{},"logFile":"/var/log/ovn-kubernetes/ovn-k8s-cni-overlay.log","logLevel":"4","logfile-maxage":5,"logfile-maxbackups":5,"logfile-maxsize":100,"name":"ovn-kubernetes","type":"ovn-k8s-cni-overlay"}
Apr 10 14:22:36 ip-10-0-131-77 crio[2197]: I0410 14:22:35.575700   59833 ovs.go:90] Maximum command line arguments set to: 191102
Apr 10 14:22:36 ip-10-0-131-77 crio[2197]: time="2025-04-10 14:22:36.080335255Z" level=info msg="Stopped pod sandbox: 5f265d59e865aed6278138351777cda673a843215692f8a3bb8de0b8cfe219b7" id=bfc1b9a9-17bd-4791-82fe-f41225e9ea45 name=/runtime.v1.RuntimeService/StopPodSandbox
Apr 10 14:22:36 ip-10-0-131-77 crio[2197]: time="2025-04-10 14:22:36.178400123Z" level=info msg="Stopped pod sandbox: fe803f1de2eeecb3df02d51189251565e77f17fb22dccbd1ed417e811e49f09f" id=423aefb4-26fc-47dd-a1e4-ad0fed92f4ec name=/runtime.v1.RuntimeService/StopPodSandbox
Apr 10 14:22:36 ip-10-0-131-77 systemd[1]: var-lib-containers-storage-overlay-639e932d74e457f9eab31926ef8af6fb8af4f53cdc3d72cc45363fd1bd9dea95-merged.mount: Succeeded.
Apr 10 14:22:36 ip-10-0-131-77 systemd[1]: var-lib-containers-storage-overlay-639e932d74e457f9eab31926ef8af6fb8af4f53cdc3d72cc45363fd1bd9dea95-merged.mount: Consumed 0 CPU time
Apr 10 14:22:36 ip-10-0-131-77 systemd[1]: run-netns-ff2b0273\x2de5f3\x2d403c\x2d8fff\x2d33ceaff9937c.mount: Succeeded.
Apr 10 14:22:36 ip-10-0-131-77 systemd[1]: run-netns-ff2b0273\x2de5f3\x2d403c\x2d8fff\x2d33ceaff9937c.mount: Consumed 0 CPU time
Apr 10 14:22:36 ip-10-0-131-77 systemd[1]: run-ipcns-ff2b0273\x2de5f3\x2d403c\x2d8fff\x2d33ceaff9937c.mount: Succeeded.
Apr 10 14:22:36 ip-10-0-131-77 systemd[1]: run-ipcns-ff2b0273\x2de5f3\x2d403c\x2d8fff\x2d33ceaff9937c.mount: Consumed 0 CPU time
Apr 10 14:22:36 ip-10-0-131-77 systemd[1]: run-utsns-ff2b0273\x2de5f3\x2d403c\x2d8fff\x2d33ceaff9937c.mount: Succeeded.
Apr 10 14:22:36 ip-10-0-131-77 systemd[1]: run-utsns-ff2b0273\x2de5f3\x2d403c\x2d8fff\x2d33ceaff9937c.mount: Consumed 0 CPU time
Apr 10 14:22:36 ip-10-0-131-77 systemd[1]: run-containers-storage-overlay\x2dcontainers-fe803f1de2eeecb3df02d51189251565e77f17fb22dccbd1ed417e811e49f09f-userdata-shm.mount: Succeeded.
Apr 10 14:22:36 ip-10-0-131-77 systemd[1]: run-containers-storage-overlay\x2dcontainers-fe803f1de2eeecb3df02d51189251565e77f17fb22dccbd1ed417e811e49f09f-userdata-shm.mount: Consumed 0 CPU time
Apr 10 14:22:36 ip-10-0-131-77 systemd[1]: run-netns-5e1f028f\x2d8706\x2d4ed9\x2da817\x2db62d9f658a33.mount: Succeeded.
Apr 10 14:22:36 ip-10-0-131-77 systemd[1]: run-netns-5e1f028f\x2d8706\x2d4ed9\x2da817\x2db62d9f658a33.mount: Consumed 0 CPU time
Apr 10 14:22:36 ip-10-0-131-77 systemd[1]: run-containers-storage-overlay\x2dcontainers-5f265d59e865aed6278138351777cda673a843215692f8a3bb8de0b8cfe219b7-userdata-shm.mount: Succeeded.
Apr 10 14:22:36 ip-10-0-131-77 systemd[1]: run-containers-storage-overlay\x2dcontainers-5f265d59e865aed6278138351777cda673a843215692f8a3bb8de0b8cfe219b7-userdata-shm.mount: Consumed 0 CPU time
Apr 10 14:22:36 ip-10-0-131-77 kubenswrapper[2241]: I0410 14:22:36.195316    2241 reconciler.go:211] "operationExecutor.UnmountVolume started for volume \"serving-cert\" (UniqueName: \"kubernetes.io/secret/2867a1f6-9513-4d77-8f34-50ab8990e1a9-serving-cert\") pod \"2867a1f6-9513-4d77-8f34-50ab8990e1a9\" (UID: \"2867a1f6-9513-4d77-8f34-50ab8990e1a9\") "
Apr 10 14:22:36 ip-10-0-131-77 kubenswrapper[2241]: I0410 14:22:36.195394    2241 reconciler.go:211] "operationExecutor.UnmountVolume started for volume \"proxy-ca-bundles\" (UniqueName: \"kubernetes.io/configmap/2867a1f6-9513-4d77-8f34-50ab8990e1a9-proxy-ca-bundles\") pod \"2867a1f6-9513-4d77-8f34-50ab8990e1a9\" (UID: \"2867a1f6-9513-4d77-8f34-50ab8990e1a9\") "
Apr 10 14:22:36 ip-10-0-131-77 kubenswrapper[2241]: I0410 14:22:36.195440    2241 reconciler.go:211] "operationExecutor.UnmountVolume started for volume \"client-ca\" (UniqueName: \"kubernetes.io/configmap/2867a1f6-9513-4d77-8f34-50ab8990e1a9-client-ca\") pod \"2867a1f6-9513-4d77-8f34-50ab8990e1a9\" (UID: \"2867a1f6-9513-4d77-8f34-50ab8990e1a9\") "
Apr 10 14:22:36 ip-10-0-131-77 kubenswrapper[2241]: I0410 14:22:36.195492    2241 reconciler.go:211] "operationExecutor.UnmountVolume started for volume \"config\" (UniqueName: \"kubernetes.io/configmap/2867a1f6-9513-4d77-8f34-50ab8990e1a9-config\") pod \"2867a1f6-9513-4d77-8f34-50ab8990e1a9\" (UID: \"2867a1f6-9513-4d77-8f34-50ab8990e1a9\") "
Apr 10 14:22:36 ip-10-0-131-77 kubenswrapper[2241]: I0410 14:22:36.195542    2241 reconciler.go:211] "operationExecutor.UnmountVolume started for volume \"kube-api-access-p2qqc\" (UniqueName: \"kubernetes.io/projected/2867a1f6-9513-4d77-8f34-50ab8990e1a9-kube-api-access-p2qqc\") pod \"2867a1f6-9513-4d77-8f34-50ab8990e1a9\" (UID: \"2867a1f6-9513-4d77-8f34-50ab8990e1a9\") "
Apr 10 14:22:36 ip-10-0-131-77 kubenswrapper[2241]: W0410 14:22:36.195671    2241 empty_dir.go:523] Warning: Failed to clear quota on /var/lib/kubelet/pods/2867a1f6-9513-4d77-8f34-50ab8990e1a9/volumes/kubernetes.io~configmap/proxy-ca-bundles: clearQuota called, but quotas disabled
Apr 10 14:22:36 ip-10-0-131-77 kubenswrapper[2241]: W0410 14:22:36.195732    2241 empty_dir.go:523] Warning: Failed to clear quota on /var/lib/kubelet/pods/2867a1f6-9513-4d77-8f34-50ab8990e1a9/volumes/kubernetes.io~configmap/client-ca: clearQuota called, but quotas disabled
Apr 10 14:22:36 ip-10-0-131-77 kubenswrapper[2241]: I0410 14:22:36.195929    2241 operation_generator.go:890] UnmountVolume.TearDown succeeded for volume "kubernetes.io/configmap/2867a1f6-9513-4d77-8f34-50ab8990e1a9-client-ca" (OuterVolumeSpecName: "client-ca") pod "2867a1f6-9513-4d77-8f34-50ab8990e1a9" (UID: "2867a1f6-9513-4d77-8f34-50ab8990e1a9"). InnerVolumeSpecName "client-ca". PluginName "kubernetes.io/configmap", VolumeGidValue ""
Apr 10 14:22:36 ip-10-0-131-77 kubenswrapper[2241]: I0410 14:22:36.195933    2241 operation_generator.go:890] UnmountVolume.TearDown succeeded for volume "kubernetes.io/configmap/2867a1f6-9513-4d77-8f34-50ab8990e1a9-proxy-ca-bundles" (OuterVolumeSpecName: "proxy-ca-bundles") pod "2867a1f6-9513-4d77-8f34-50ab8990e1a9" (UID: "2867a1f6-9513-4d77-8f34-50ab8990e1a9"). InnerVolumeSpecName "proxy-ca-bundles". PluginName "kubernetes.io/configmap", VolumeGidValue ""
Apr 10 14:22:36 ip-10-0-131-77 kubenswrapper[2241]: W0410 14:22:36.196172    2241 empty_dir.go:523] Warning: Failed to clear quota on /var/lib/kubelet/pods/2867a1f6-9513-4d77-8f34-50ab8990e1a9/volumes/kubernetes.io~configmap/config: clearQuota called, but quotas disabled
Apr 10 14:22:36 ip-10-0-131-77 kubenswrapper[2241]: I0410 14:22:36.196644    2241 operation_generator.go:890] UnmountVolume.TearDown succeeded for volume "kubernetes.io/configmap/2867a1f6-9513-4d77-8f34-50ab8990e1a9-config" (OuterVolumeSpecName: "config") pod "2867a1f6-9513-4d77-8f34-50ab8990e1a9" (UID: "2867a1f6-9513-4d77-8f34-50ab8990e1a9"). InnerVolumeSpecName "config". PluginName "kubernetes.io/configmap", VolumeGidValue ""
Apr 10 14:22:36 ip-10-0-131-77 systemd[1]: var-lib-kubelet-pods-2867a1f6\x2d9513\x2d4d77\x2d8f34\x2d50ab8990e1a9-volumes-kubernetes.io\x7eprojected-kube\x2dapi\x2daccess\x2dp2qqc.mount: Succeeded.
Apr 10 14:22:36 ip-10-0-131-77 systemd[1]: var-lib-kubelet-pods-2867a1f6\x2d9513\x2d4d77\x2d8f34\x2d50ab8990e1a9-volumes-kubernetes.io\x7eprojected-kube\x2dapi\x2daccess\x2dp2qqc.mount: Consumed 0 CPU time
Apr 10 14:22:36 ip-10-0-131-77 systemd[1]: var-lib-kubelet-pods-2867a1f6\x2d9513\x2d4d77\x2d8f34\x2d50ab8990e1a9-volumes-kubernetes.io\x7esecret-serving\x2dcert.mount: Succeeded.
Apr 10 14:22:36 ip-10-0-131-77 systemd[1]: var-lib-kubelet-pods-2867a1f6\x2d9513\x2d4d77\x2d8f34\x2d50ab8990e1a9-volumes-kubernetes.io\x7esecret-serving\x2dcert.mount: Consumed 0 CPU time
Apr 10 14:22:36 ip-10-0-131-77 kubenswrapper[2241]: I0410 14:22:36.212667    2241 operation_generator.go:890] UnmountVolume.TearDown succeeded for volume "kubernetes.io/projected/2867a1f6-9513-4d77-8f34-50ab8990e1a9-kube-api-access-p2qqc" (OuterVolumeSpecName: "kube-api-access-p2qqc") pod "2867a1f6-9513-4d77-8f34-50ab8990e1a9" (UID: "2867a1f6-9513-4d77-8f34-50ab8990e1a9"). InnerVolumeSpecName "kube-api-access-p2qqc". PluginName "kubernetes.io/projected", VolumeGidValue ""
Apr 10 14:22:36 ip-10-0-131-77 kubenswrapper[2241]: I0410 14:22:36.213516    2241 operation_generator.go:890] UnmountVolume.TearDown succeeded for volume "kubernetes.io/secret/2867a1f6-9513-4d77-8f34-50ab8990e1a9-serving-cert" (OuterVolumeSpecName: "serving-cert") pod "2867a1f6-9513-4d77-8f34-50ab8990e1a9" (UID: "2867a1f6-9513-4d77-8f34-50ab8990e1a9"). InnerVolumeSpecName "serving-cert". PluginName "kubernetes.io/secret", VolumeGidValue ""
Apr 10 14:22:36 ip-10-0-131-77 kubenswrapper[2241]: I0410 14:22:36.296485    2241 reconciler.go:399] "Volume detached for volume \"proxy-ca-bundles\" (UniqueName: \"kubernetes.io/configmap/2867a1f6-9513-4d77-8f34-50ab8990e1a9-proxy-ca-bundles\") on node \"ip-10-0-131-77.us-east-2.compute.internal\" DevicePath \"\""
Apr 10 14:22:36 ip-10-0-131-77 kubenswrapper[2241]: I0410 14:22:36.296536    2241 reconciler.go:399] "Volume detached for volume \"client-ca\" (UniqueName: \"kubernetes.io/configmap/2867a1f6-9513-4d77-8f34-50ab8990e1a9-client-ca\") on node \"ip-10-0-131-77.us-east-2.compute.internal\" DevicePath \"\""
Apr 10 14:22:36 ip-10-0-131-77 kubenswrapper[2241]: I0410 14:22:36.296554    2241 reconciler.go:399] "Volume detached for volume \"config\" (UniqueName: \"kubernetes.io/configmap/2867a1f6-9513-4d77-8f34-50ab8990e1a9-config\") on node \"ip-10-0-131-77.us-east-2.compute.internal\" DevicePath \"\""
Apr 10 14:22:36 ip-10-0-131-77 kubenswrapper[2241]: I0410 14:22:36.296573    2241 reconciler.go:399] "Volume detached for volume \"kube-api-access-p2qqc\" (UniqueName: \"kubernetes.io/projected/2867a1f6-9513-4d77-8f34-50ab8990e1a9-kube-api-access-p2qqc\") on node \"ip-10-0-131-77.us-east-2.compute.internal\" DevicePath \"\""
Apr 10 14:22:36 ip-10-0-131-77 kubenswrapper[2241]: I0410 14:22:36.296588    2241 reconciler.go:399] "Volume detached for volume \"serving-cert\" (UniqueName: \"kubernetes.io/secret/2867a1f6-9513-4d77-8f34-50ab8990e1a9-serving-cert\") on node \"ip-10-0-131-77.us-east-2.compute.internal\" DevicePath \"\""
Apr 10 14:22:36 ip-10-0-131-77 kubenswrapper[2241]: I0410 14:22:36.397621    2241 reconciler.go:211] "operationExecutor.UnmountVolume started for volume \"kube-api-access-tvdzw\" (UniqueName: \"kubernetes.io/projected/1a766b59-8063-4f4c-8816-35e9087b9ab1-kube-api-access-tvdzw\") pod \"1a766b59-8063-4f4c-8816-35e9087b9ab1\" (UID: \"1a766b59-8063-4f4c-8816-35e9087b9ab1\") "
Apr 10 14:22:36 ip-10-0-131-77 kubenswrapper[2241]: I0410 14:22:36.397710    2241 reconciler.go:211] "operationExecutor.UnmountVolume started for volume \"serving-cert\" (UniqueName: \"kubernetes.io/secret/1a766b59-8063-4f4c-8816-35e9087b9ab1-serving-cert\") pod \"1a766b59-8063-4f4c-8816-35e9087b9ab1\" (UID: \"1a766b59-8063-4f4c-8816-35e9087b9ab1\") "
Apr 10 14:22:36 ip-10-0-131-77 kubenswrapper[2241]: I0410 14:22:36.397756    2241 reconciler.go:211] "operationExecutor.UnmountVolume started for volume \"config\" (UniqueName: \"kubernetes.io/configmap/1a766b59-8063-4f4c-8816-35e9087b9ab1-config\") pod \"1a766b59-8063-4f4c-8816-35e9087b9ab1\" (UID: \"1a766b59-8063-4f4c-8816-35e9087b9ab1\") "
Apr 10 14:22:36 ip-10-0-131-77 kubenswrapper[2241]: I0410 14:22:36.397793    2241 reconciler.go:211] "operationExecutor.UnmountVolume started for volume \"client-ca\" (UniqueName: \"kubernetes.io/configmap/1a766b59-8063-4f4c-8816-35e9087b9ab1-client-ca\") pod \"1a766b59-8063-4f4c-8816-35e9087b9ab1\" (UID: \"1a766b59-8063-4f4c-8816-35e9087b9ab1\") "
Apr 10 14:22:36 ip-10-0-131-77 kubenswrapper[2241]: W0410 14:22:36.398024    2241 empty_dir.go:523] Warning: Failed to clear quota on /var/lib/kubelet/pods/1a766b59-8063-4f4c-8816-35e9087b9ab1/volumes/kubernetes.io~configmap/config: clearQuota called, but quotas disabled
Apr 10 14:22:36 ip-10-0-131-77 kubenswrapper[2241]: W0410 14:22:36.398044    2241 empty_dir.go:523] Warning: Failed to clear quota on /var/lib/kubelet/pods/1a766b59-8063-4f4c-8816-35e9087b9ab1/volumes/kubernetes.io~configmap/client-ca: clearQuota called, but quotas disabled
Apr 10 14:22:36 ip-10-0-131-77 kubenswrapper[2241]: I0410 14:22:36.398446    2241 operation_generator.go:890] UnmountVolume.TearDown succeeded for volume "kubernetes.io/configmap/1a766b59-8063-4f4c-8816-35e9087b9ab1-client-ca" (OuterVolumeSpecName: "client-ca") pod "1a766b59-8063-4f4c-8816-35e9087b9ab1" (UID: "1a766b59-8063-4f4c-8816-35e9087b9ab1"). InnerVolumeSpecName "client-ca". PluginName "kubernetes.io/configmap", VolumeGidValue ""
Apr 10 14:22:36 ip-10-0-131-77 kubenswrapper[2241]: I0410 14:22:36.398453    2241 operation_generator.go:890] UnmountVolume.TearDown succeeded for volume "kubernetes.io/configmap/1a766b59-8063-4f4c-8816-35e9087b9ab1-config" (OuterVolumeSpecName: "config") pod "1a766b59-8063-4f4c-8816-35e9087b9ab1" (UID: "1a766b59-8063-4f4c-8816-35e9087b9ab1"). InnerVolumeSpecName "config". PluginName "kubernetes.io/configmap", VolumeGidValue ""
Apr 10 14:22:36 ip-10-0-131-77 systemd[1]: var-lib-kubelet-pods-1a766b59\x2d8063\x2d4f4c\x2d8816\x2d35e9087b9ab1-volumes-kubernetes.io\x7eprojected-kube\x2dapi\x2daccess\x2dtvdzw.mount: Succeeded.
Apr 10 14:22:36 ip-10-0-131-77 systemd[1]: var-lib-kubelet-pods-1a766b59\x2d8063\x2d4f4c\x2d8816\x2d35e9087b9ab1-volumes-kubernetes.io\x7eprojected-kube\x2dapi\x2daccess\x2dtvdzw.mount: Consumed 0 CPU time
Apr 10 14:22:36 ip-10-0-131-77 systemd[1]: var-lib-kubelet-pods-1a766b59\x2d8063\x2d4f4c\x2d8816\x2d35e9087b9ab1-volumes-kubernetes.io\x7esecret-serving\x2dcert.mount: Succeeded.
Apr 10 14:22:36 ip-10-0-131-77 systemd[1]: var-lib-kubelet-pods-1a766b59\x2d8063\x2d4f4c\x2d8816\x2d35e9087b9ab1-volumes-kubernetes.io\x7esecret-serving\x2dcert.mount: Consumed 0 CPU time
Apr 10 14:22:36 ip-10-0-131-77 kubenswrapper[2241]: I0410 14:22:36.416468    2241 operation_generator.go:890] UnmountVolume.TearDown succeeded for volume "kubernetes.io/secret/1a766b59-8063-4f4c-8816-35e9087b9ab1-serving-cert" (OuterVolumeSpecName: "serving-cert") pod "1a766b59-8063-4f4c-8816-35e9087b9ab1" (UID: "1a766b59-8063-4f4c-8816-35e9087b9ab1"). InnerVolumeSpecName "serving-cert". PluginName "kubernetes.io/secret", VolumeGidValue ""
Apr 10 14:22:36 ip-10-0-131-77 kubenswrapper[2241]: I0410 14:22:36.416490    2241 operation_generator.go:890] UnmountVolume.TearDown succeeded for volume "kubernetes.io/projected/1a766b59-8063-4f4c-8816-35e9087b9ab1-kube-api-access-tvdzw" (OuterVolumeSpecName: "kube-api-access-tvdzw") pod "1a766b59-8063-4f4c-8816-35e9087b9ab1" (UID: "1a766b59-8063-4f4c-8816-35e9087b9ab1"). InnerVolumeSpecName "kube-api-access-tvdzw". PluginName "kubernetes.io/projected", VolumeGidValue ""
Apr 10 14:22:36 ip-10-0-131-77 kubenswrapper[2241]: I0410 14:22:36.499164    2241 reconciler.go:399] "Volume detached for volume \"kube-api-access-tvdzw\" (UniqueName: \"kubernetes.io/projected/1a766b59-8063-4f4c-8816-35e9087b9ab1-kube-api-access-tvdzw\") on node \"ip-10-0-131-77.us-east-2.compute.internal\" DevicePath \"\""
Apr 10 14:22:36 ip-10-0-131-77 kubenswrapper[2241]: I0410 14:22:36.499268    2241 reconciler.go:399] "Volume detached for volume \"serving-cert\" (UniqueName: \"kubernetes.io/secret/1a766b59-8063-4f4c-8816-35e9087b9ab1-serving-cert\") on node \"ip-10-0-131-77.us-east-2.compute.internal\" DevicePath \"\""
Apr 10 14:22:36 ip-10-0-131-77 kubenswrapper[2241]: I0410 14:22:36.499299    2241 reconciler.go:399] "Volume detached for volume \"config\" (UniqueName: \"kubernetes.io/configmap/1a766b59-8063-4f4c-8816-35e9087b9ab1-config\") on node \"ip-10-0-131-77.us-east-2.compute.internal\" DevicePath \"\""
Apr 10 14:22:36 ip-10-0-131-77 kubenswrapper[2241]: I0410 14:22:36.499321    2241 reconciler.go:399] "Volume detached for volume \"client-ca\" (UniqueName: \"kubernetes.io/configmap/1a766b59-8063-4f4c-8816-35e9087b9ab1-client-ca\") on node \"ip-10-0-131-77.us-east-2.compute.internal\" DevicePath \"\""
Apr 10 14:22:36 ip-10-0-131-77 kubenswrapper[2241]: I0410 14:22:36.536351    2241 kubelet.go:2157] "SyncLoop (PLEG): event for pod" pod="openshift-controller-manager/controller-manager-69d4474cd-dwt99" event=&{ID:2867a1f6-9513-4d77-8f34-50ab8990e1a9 Type:ContainerDied Data:5f265d59e865aed6278138351777cda673a843215692f8a3bb8de0b8cfe219b7}
Apr 10 14:22:36 ip-10-0-131-77 kubenswrapper[2241]: I0410 14:22:36.536401    2241 scope.go:115] "RemoveContainer" containerID="3cac0c7419d465cb809fc2629511439d13f538549cf97ed3bec67d1eea5610db"
Apr 10 14:22:36 ip-10-0-131-77 crio[2197]: time="2025-04-10 14:22:36.537489706Z" level=info msg="Removing container: 3cac0c7419d465cb809fc2629511439d13f538549cf97ed3bec67d1eea5610db" id=d3a5506a-0ae9-479f-9c1c-266ae51c45b7 name=/runtime.v1.RuntimeService/RemoveContainer
Apr 10 14:22:36 ip-10-0-131-77 kubenswrapper[2241]: I0410 14:22:36.538034    2241 kubelet.go:2157] "SyncLoop (PLEG): event for pod" pod="openshift-route-controller-manager/route-controller-manager-68c756c4b-b7c7h" event=&{ID:1a766b59-8063-4f4c-8816-35e9087b9ab1 Type:ContainerDied Data:fe803f1de2eeecb3df02d51189251565e77f17fb22dccbd1ed417e811e49f09f}
Apr 10 14:22:36 ip-10-0-131-77 systemd[1]: Removed slice libcontainer container kubepods-burstable-pod2867a1f6_9513_4d77_8f34_50ab8990e1a9.slice.
Apr 10 14:22:36 ip-10-0-131-77 systemd[1]: kubepods-burstable-pod2867a1f6_9513_4d77_8f34_50ab8990e1a9.slice: Consumed 1.987s CPU time
Apr 10 14:22:36 ip-10-0-131-77 systemd[1]: Removed slice libcontainer container kubepods-burstable-pod1a766b59_8063_4f4c_8816_35e9087b9ab1.slice.
Apr 10 14:22:36 ip-10-0-131-77 systemd[1]: kubepods-burstable-pod1a766b59_8063_4f4c_8816_35e9087b9ab1.slice: Consumed 2.959s CPU time
Apr 10 14:22:36 ip-10-0-131-77 crio[2197]: time="2025-04-10 14:22:36.571631641Z" level=info msg="Removed container 3cac0c7419d465cb809fc2629511439d13f538549cf97ed3bec67d1eea5610db: openshift-controller-manager/controller-manager-69d4474cd-dwt99/controller-manager" id=d3a5506a-0ae9-479f-9c1c-266ae51c45b7 name=/runtime.v1.RuntimeService/RemoveContainer
Apr 10 14:22:36 ip-10-0-131-77 kubenswrapper[2241]: I0410 14:22:36.571923    2241 scope.go:115] "RemoveContainer" containerID="127439c840948dc854688f34df7c77e291dd56eeb228e9781ba93cd732346184"
Apr 10 14:22:36 ip-10-0-131-77 crio[2197]: time="2025-04-10 14:22:36.573010514Z" level=info msg="Removing container: 127439c840948dc854688f34df7c77e291dd56eeb228e9781ba93cd732346184" id=7ef0bc50-317f-4fa1-8340-5d102a8e65f2 name=/runtime.v1.RuntimeService/RemoveContainer
Apr 10 14:22:36 ip-10-0-131-77 kubenswrapper[2241]: I0410 14:22:36.593570    2241 kubelet.go:2135] "SyncLoop DELETE" source="api" pods=[openshift-controller-manager/controller-manager-69d4474cd-dwt99]
Apr 10 14:22:36 ip-10-0-131-77 kubenswrapper[2241]: I0410 14:22:36.596209    2241 kubelet.go:2129] "SyncLoop REMOVE" source="api" pods=[openshift-controller-manager/controller-manager-69d4474cd-dwt99]
Apr 10 14:22:36 ip-10-0-131-77 kubenswrapper[2241]: I0410 14:22:36.601512    2241 kubelet.go:2119] "SyncLoop ADD" source="api" pods=[openshift-controller-manager/controller-manager-57579fdfc9-rwqw9]
Apr 10 14:22:36 ip-10-0-131-77 kubenswrapper[2241]: I0410 14:22:36.601614    2241 topology_manager.go:205] "Topology Admit Handler"
Apr 10 14:22:36 ip-10-0-131-77 kubenswrapper[2241]: E0410 14:22:36.601774    2241 cpu_manager.go:395] "RemoveStaleState: removing container" podUID="1a766b59-8063-4f4c-8816-35e9087b9ab1" containerName="route-controller-manager"
Apr 10 14:22:36 ip-10-0-131-77 kubenswrapper[2241]: I0410 14:22:36.601793    2241 state_mem.go:107] "Deleted CPUSet assignment" podUID="1a766b59-8063-4f4c-8816-35e9087b9ab1" containerName="route-controller-manager"
Apr 10 14:22:36 ip-10-0-131-77 kubenswrapper[2241]: E0410 14:22:36.601809    2241 cpu_manager.go:395] "RemoveStaleState: removing container" podUID="2867a1f6-9513-4d77-8f34-50ab8990e1a9" containerName="controller-manager"
Apr 10 14:22:36 ip-10-0-131-77 kubenswrapper[2241]: I0410 14:22:36.601821    2241 state_mem.go:107] "Deleted CPUSet assignment" podUID="2867a1f6-9513-4d77-8f34-50ab8990e1a9" containerName="controller-manager"
Apr 10 14:22:36 ip-10-0-131-77 kubenswrapper[2241]: I0410 14:22:36.601942    2241 memory_manager.go:345] "RemoveStaleState removing state" podUID="2867a1f6-9513-4d77-8f34-50ab8990e1a9" containerName="controller-manager"
Apr 10 14:22:36 ip-10-0-131-77 kubenswrapper[2241]: I0410 14:22:36.601966    2241 memory_manager.go:345] "RemoveStaleState removing state" podUID="1a766b59-8063-4f4c-8816-35e9087b9ab1" containerName="route-controller-manager"
Apr 10 14:22:36 ip-10-0-131-77 crio[2197]: time="2025-04-10 14:22:36.611330677Z" level=info msg="Removed container 127439c840948dc854688f34df7c77e291dd56eeb228e9781ba93cd732346184: openshift-route-controller-manager/route-controller-manager-68c756c4b-b7c7h/route-controller-manager" id=7ef0bc50-317f-4fa1-8340-5d102a8e65f2 name=/runtime.v1.RuntimeService/RemoveContainer
Apr 10 14:22:36 ip-10-0-131-77 systemd[1]: Created slice libcontainer container kubepods-burstable-pod5fc15c8d_eef0_426c_a668_85170f6be173.slice.
Apr 10 14:22:36 ip-10-0-131-77 kubenswrapper[2241]: I0410 14:22:36.630904    2241 kubelet.go:2126] "SyncLoop UPDATE" source="api" pods=[openshift-controller-manager/controller-manager-57579fdfc9-rwqw9]
Apr 10 14:22:36 ip-10-0-131-77 kubenswrapper[2241]: I0410 14:22:36.634607    2241 kubelet.go:2135] "SyncLoop DELETE" source="api" pods=[openshift-route-controller-manager/route-controller-manager-68c756c4b-b7c7h]
Apr 10 14:22:36 ip-10-0-131-77 kubenswrapper[2241]: I0410 14:22:36.642098    2241 kubelet.go:2129] "SyncLoop REMOVE" source="api" pods=[openshift-route-controller-manager/route-controller-manager-68c756c4b-b7c7h]
Apr 10 14:22:36 ip-10-0-131-77 kubenswrapper[2241]: I0410 14:22:36.920736    2241 reconciler.go:357] "operationExecutor.VerifyControllerAttachedVolume started for volume \"kube-api-access-pmnn7\" (UniqueName: \"kubernetes.io/projected/5fc15c8d-eef0-426c-a668-85170f6be173-kube-api-access-pmnn7\") pod \"controller-manager-57579fdfc9-rwqw9\" (UID: \"5fc15c8d-eef0-426c-a668-85170f6be173\") " pod="openshift-controller-manager/controller-manager-57579fdfc9-rwqw9"
Apr 10 14:22:36 ip-10-0-131-77 kubenswrapper[2241]: I0410 14:22:36.920823    2241 reconciler.go:357] "operationExecutor.VerifyControllerAttachedVolume started for volume \"config\" (UniqueName: \"kubernetes.io/configmap/5fc15c8d-eef0-426c-a668-85170f6be173-config\") pod \"controller-manager-57579fdfc9-rwqw9\" (UID: \"5fc15c8d-eef0-426c-a668-85170f6be173\") " pod="openshift-controller-manager/controller-manager-57579fdfc9-rwqw9"
Apr 10 14:22:36 ip-10-0-131-77 kubenswrapper[2241]: I0410 14:22:36.920877    2241 reconciler.go:357] "operationExecutor.VerifyControllerAttachedVolume started for volume \"proxy-ca-bundles\" (UniqueName: \"kubernetes.io/configmap/5fc15c8d-eef0-426c-a668-85170f6be173-proxy-ca-bundles\") pod \"controller-manager-57579fdfc9-rwqw9\" (UID: \"5fc15c8d-eef0-426c-a668-85170f6be173\") " pod="openshift-controller-manager/controller-manager-57579fdfc9-rwqw9"
Apr 10 14:22:36 ip-10-0-131-77 kubenswrapper[2241]: I0410 14:22:36.920939    2241 reconciler.go:357] "operationExecutor.VerifyControllerAttachedVolume started for volume \"serving-cert\" (UniqueName: \"kubernetes.io/secret/5fc15c8d-eef0-426c-a668-85170f6be173-serving-cert\") pod \"controller-manager-57579fdfc9-rwqw9\" (UID: \"5fc15c8d-eef0-426c-a668-85170f6be173\") " pod="openshift-controller-manager/controller-manager-57579fdfc9-rwqw9"
Apr 10 14:22:36 ip-10-0-131-77 kubenswrapper[2241]: I0410 14:22:36.920990    2241 reconciler.go:357] "operationExecutor.VerifyControllerAttachedVolume started for volume \"client-ca\" (UniqueName: \"kubernetes.io/configmap/5fc15c8d-eef0-426c-a668-85170f6be173-client-ca\") pod \"controller-manager-57579fdfc9-rwqw9\" (UID: \"5fc15c8d-eef0-426c-a668-85170f6be173\") " pod="openshift-controller-manager/controller-manager-57579fdfc9-rwqw9"
Apr 10 14:22:37 ip-10-0-131-77 kubenswrapper[2241]: I0410 14:22:37.021555    2241 reconciler.go:269] "operationExecutor.MountVolume started for volume \"config\" (UniqueName: \"kubernetes.io/configmap/5fc15c8d-eef0-426c-a668-85170f6be173-config\") pod \"controller-manager-57579fdfc9-rwqw9\" (UID: \"5fc15c8d-eef0-426c-a668-85170f6be173\") " pod="openshift-controller-manager/controller-manager-57579fdfc9-rwqw9"
Apr 10 14:22:37 ip-10-0-131-77 kubenswrapper[2241]: I0410 14:22:37.021631    2241 reconciler.go:269] "operationExecutor.MountVolume started for volume \"proxy-ca-bundles\" (UniqueName: \"kubernetes.io/configmap/5fc15c8d-eef0-426c-a668-85170f6be173-proxy-ca-bundles\") pod \"controller-manager-57579fdfc9-rwqw9\" (UID: \"5fc15c8d-eef0-426c-a668-85170f6be173\") " pod="openshift-controller-manager/controller-manager-57579fdfc9-rwqw9"
Apr 10 14:22:37 ip-10-0-131-77 kubenswrapper[2241]: I0410 14:22:37.021688    2241 reconciler.go:269] "operationExecutor.MountVolume started for volume \"serving-cert\" (UniqueName: \"kubernetes.io/secret/5fc15c8d-eef0-426c-a668-85170f6be173-serving-cert\") pod \"controller-manager-57579fdfc9-rwqw9\" (UID: \"5fc15c8d-eef0-426c-a668-85170f6be173\") " pod="openshift-controller-manager/controller-manager-57579fdfc9-rwqw9"
Apr 10 14:22:37 ip-10-0-131-77 kubenswrapper[2241]: I0410 14:22:37.021736    2241 reconciler.go:269] "operationExecutor.MountVolume started for volume \"client-ca\" (UniqueName: \"kubernetes.io/configmap/5fc15c8d-eef0-426c-a668-85170f6be173-client-ca\") pod \"controller-manager-57579fdfc9-rwqw9\" (UID: \"5fc15c8d-eef0-426c-a668-85170f6be173\") " pod="openshift-controller-manager/controller-manager-57579fdfc9-rwqw9"
Apr 10 14:22:37 ip-10-0-131-77 kubenswrapper[2241]: I0410 14:22:37.021792    2241 reconciler.go:269] "operationExecutor.MountVolume started for volume \"kube-api-access-pmnn7\" (UniqueName: \"kubernetes.io/projected/5fc15c8d-eef0-426c-a668-85170f6be173-kube-api-access-pmnn7\") pod \"controller-manager-57579fdfc9-rwqw9\" (UID: \"5fc15c8d-eef0-426c-a668-85170f6be173\") " pod="openshift-controller-manager/controller-manager-57579fdfc9-rwqw9"
Apr 10 14:22:37 ip-10-0-131-77 kubenswrapper[2241]: I0410 14:22:37.022723    2241 operation_generator.go:730] "MountVolume.SetUp succeeded for volume \"client-ca\" (UniqueName: \"kubernetes.io/configmap/5fc15c8d-eef0-426c-a668-85170f6be173-client-ca\") pod \"controller-manager-57579fdfc9-rwqw9\" (UID: \"5fc15c8d-eef0-426c-a668-85170f6be173\") " pod="openshift-controller-manager/controller-manager-57579fdfc9-rwqw9"
Apr 10 14:22:37 ip-10-0-131-77 kubenswrapper[2241]: I0410 14:22:37.023026    2241 operation_generator.go:730] "MountVolume.SetUp succeeded for volume \"config\" (UniqueName: \"kubernetes.io/configmap/5fc15c8d-eef0-426c-a668-85170f6be173-config\") pod \"controller-manager-57579fdfc9-rwqw9\" (UID: \"5fc15c8d-eef0-426c-a668-85170f6be173\") " pod="openshift-controller-manager/controller-manager-57579fdfc9-rwqw9"
Apr 10 14:22:37 ip-10-0-131-77 kubenswrapper[2241]: I0410 14:22:37.023563    2241 operation_generator.go:730] "MountVolume.SetUp succeeded for volume \"proxy-ca-bundles\" (UniqueName: \"kubernetes.io/configmap/5fc15c8d-eef0-426c-a668-85170f6be173-proxy-ca-bundles\") pod \"controller-manager-57579fdfc9-rwqw9\" (UID: \"5fc15c8d-eef0-426c-a668-85170f6be173\") " pod="openshift-controller-manager/controller-manager-57579fdfc9-rwqw9"
Apr 10 14:22:37 ip-10-0-131-77 kubenswrapper[2241]: I0410 14:22:37.025624    2241 operation_generator.go:730] "MountVolume.SetUp succeeded for volume \"serving-cert\" (UniqueName: \"kubernetes.io/secret/5fc15c8d-eef0-426c-a668-85170f6be173-serving-cert\") pod \"controller-manager-57579fdfc9-rwqw9\" (UID: \"5fc15c8d-eef0-426c-a668-85170f6be173\") " pod="openshift-controller-manager/controller-manager-57579fdfc9-rwqw9"
Apr 10 14:22:37 ip-10-0-131-77 kubenswrapper[2241]: I0410 14:22:37.171307    2241 operation_generator.go:730] "MountVolume.SetUp succeeded for volume \"kube-api-access-pmnn7\" (UniqueName: \"kubernetes.io/projected/5fc15c8d-eef0-426c-a668-85170f6be173-kube-api-access-pmnn7\") pod \"controller-manager-57579fdfc9-rwqw9\" (UID: \"5fc15c8d-eef0-426c-a668-85170f6be173\") " pod="openshift-controller-manager/controller-manager-57579fdfc9-rwqw9"
Apr 10 14:22:37 ip-10-0-131-77 kubenswrapper[2241]: I0410 14:22:37.236841    2241 util.go:30] "No sandbox for pod can be found. Need to start a new one" pod="openshift-controller-manager/controller-manager-57579fdfc9-rwqw9"
Apr 10 14:22:37 ip-10-0-131-77 crio[2197]: time="2025-04-10 14:22:37.237442669Z" level=info msg="Running pod sandbox: openshift-controller-manager/controller-manager-57579fdfc9-rwqw9/POD" id=7592c9a5-82e6-41e5-af6c-0fc1e42b8d6b name=/runtime.v1.RuntimeService/RunPodSandbox
Apr 10 14:22:37 ip-10-0-131-77 crio[2197]: time="2025-04-10 14:22:37.237517010Z" level=warning msg="Allowed annotations are specified for workload [io.containers.trace-syscall]"
Apr 10 14:22:37 ip-10-0-131-77 crio[2197]: time="2025-04-10 14:22:37.251357174Z" level=info msg="Got pod network &{Name:controller-manager-57579fdfc9-rwqw9 Namespace:openshift-controller-manager ID:106fb17f101bbc9e47914e2be2e10d0ba233bc7dde4ed63838f5ac86f831db3e UID:5fc15c8d-eef0-426c-a668-85170f6be173 NetNS:/var/run/netns/0b1080d8-a311-4e18-9d65-ad6ce630bde6 Networks:[] RuntimeConfig:map[multus-cni-network:{IP: MAC: PortMappings:[] Bandwidth:<nil> IpRanges:[]}] Aliases:map[]}"
Apr 10 14:22:37 ip-10-0-131-77 crio[2197]: time="2025-04-10 14:22:37.251409024Z" level=info msg="Adding pod openshift-controller-manager_controller-manager-57579fdfc9-rwqw9 to CNI network \"multus-cni-network\" (type=multus)"
Apr 10 14:22:37 ip-10-0-131-77 crio[2197]: time="2025-04-10 14:22:37.365290324Z" level=info msg="Stopping pod sandbox: fe803f1de2eeecb3df02d51189251565e77f17fb22dccbd1ed417e811e49f09f" id=81b86d13-f8e4-4be2-a715-160fc06444eb name=/runtime.v1.RuntimeService/StopPodSandbox
Apr 10 14:22:37 ip-10-0-131-77 crio[2197]: time="2025-04-10 14:22:37.365361844Z" level=info msg="Stopped pod sandbox (already stopped): fe803f1de2eeecb3df02d51189251565e77f17fb22dccbd1ed417e811e49f09f" id=81b86d13-f8e4-4be2-a715-160fc06444eb name=/runtime.v1.RuntimeService/StopPodSandbox
Apr 10 14:22:37 ip-10-0-131-77 crio[2197]: time="2025-04-10 14:22:37.365315674Z" level=info msg="Stopping pod sandbox: 5f265d59e865aed6278138351777cda673a843215692f8a3bb8de0b8cfe219b7" id=2d855519-b001-46c2-b4d6-dccbaf090e55 name=/runtime.v1.RuntimeService/StopPodSandbox
Apr 10 14:22:37 ip-10-0-131-77 crio[2197]: time="2025-04-10 14:22:37.365480745Z" level=info msg="Stopped pod sandbox (already stopped): 5f265d59e865aed6278138351777cda673a843215692f8a3bb8de0b8cfe219b7" id=2d855519-b001-46c2-b4d6-dccbaf090e55 name=/runtime.v1.RuntimeService/StopPodSandbox
Apr 10 14:22:37 ip-10-0-131-77 kubenswrapper[2241]: I0410 14:22:37.367894    2241 kubelet_volumes.go:160] "Cleaned up orphaned pod volumes dir" podUID=1a766b59-8063-4f4c-8816-35e9087b9ab1 path="/var/lib/kubelet/pods/1a766b59-8063-4f4c-8816-35e9087b9ab1/volumes"
Apr 10 14:22:37 ip-10-0-131-77 kubenswrapper[2241]: I0410 14:22:37.368621    2241 kubelet_volumes.go:160] "Cleaned up orphaned pod volumes dir" podUID=2867a1f6-9513-4d77-8f34-50ab8990e1a9 path="/var/lib/kubelet/pods/2867a1f6-9513-4d77-8f34-50ab8990e1a9/volumes"
Apr 10 14:22:37 ip-10-0-131-77 kernel: IPv6: ADDRCONF(NETDEV_UP): 106fb17f101bbc9: link is not ready
Apr 10 14:22:37 ip-10-0-131-77 kernel: IPv6: ADDRCONF(NETDEV_CHANGE): 106fb17f101bbc9: link becomes ready
Apr 10 14:22:37 ip-10-0-131-77 NetworkManager[1273]: <info>  [1744294957.5571] manager: (106fb17f101bbc9): new Veth device (/org/freedesktop/NetworkManager/Devices/92)
Apr 10 14:22:37 ip-10-0-131-77 systemd-udevd[60197]: link_config: autonegotiation is unset or enabled, the speed and duplex are not writable.
Apr 10 14:22:37 ip-10-0-131-77 systemd-udevd[60197]: Could not generate persistent MAC address for 106fb17f101bbc9: No such file or directory
Apr 10 14:22:37 ip-10-0-131-77 NetworkManager[1273]: <info>  [1744294957.5585] device (106fb17f101bbc9): carrier: link connected
Apr 10 14:22:37 ip-10-0-131-77 ovs-vswitchd[1226]: ovs|00225|bridge|INFO|bridge br-int: added interface 106fb17f101bbc9 on port 41
Apr 10 14:22:37 ip-10-0-131-77 kernel: device 106fb17f101bbc9 entered promiscuous mode
Apr 10 14:22:37 ip-10-0-131-77 NetworkManager[1273]: <info>  [1744294957.5881] manager: (106fb17f101bbc9): new Open vSwitch Port device (/org/freedesktop/NetworkManager/Devices/93)
Apr 10 14:22:37 ip-10-0-131-77 kubenswrapper[2241]: I0410 14:22:37.669201    2241 kubelet.go:2126] "SyncLoop UPDATE" source="api" pods=[openshift-controller-manager/controller-manager-57579fdfc9-rwqw9]
Apr 10 14:22:37 ip-10-0-131-77 crio[2197]: I0410 14:22:37.552647   60183 ovs.go:90] Maximum command line arguments set to: 191102
Apr 10 14:22:37 ip-10-0-131-77 crio[2197]: 2025-04-10T14:22:37Z [verbose] Add: openshift-controller-manager:controller-manager-57579fdfc9-rwqw9:5fc15c8d-eef0-426c-a668-85170f6be173:ovn-kubernetes(ovn-kubernetes):eth0 {"cniVersion":"0.4.0","interfaces":[{"name":"106fb17f101bbc9","mac":"de:43:38:f8:e2:85"},{"name":"eth0","mac":"0a:58:0a:81:00:15","sandbox":"/var/run/netns/0b1080d8-a311-4e18-9d65-ad6ce630bde6"}],"ips":[{"version":"4","interface":1,"address":"10.129.0.21/23","gateway":"10.129.0.1"}],"dns":{}}
Apr 10 14:22:37 ip-10-0-131-77 crio[2197]: I0410 14:22:37.645548   60172 event.go:282] Event(v1.ObjectReference{Kind:"Pod", Namespace:"openshift-controller-manager", Name:"controller-manager-57579fdfc9-rwqw9", UID:"5fc15c8d-eef0-426c-a668-85170f6be173", APIVersion:"v1", ResourceVersion:"624612", FieldPath:""}): type: 'Normal' reason: 'AddedInterface' Add eth0 [10.129.0.21/23] from ovn-kubernetes
Apr 10 14:22:37 ip-10-0-131-77 crio[2197]: time="2025-04-10 14:22:37.714200176Z" level=info msg="Got pod network &{Name:controller-manager-57579fdfc9-rwqw9 Namespace:openshift-controller-manager ID:106fb17f101bbc9e47914e2be2e10d0ba233bc7dde4ed63838f5ac86f831db3e UID:5fc15c8d-eef0-426c-a668-85170f6be173 NetNS:/var/run/netns/0b1080d8-a311-4e18-9d65-ad6ce630bde6 Networks:[] RuntimeConfig:map[multus-cni-network:{IP: MAC: PortMappings:[] Bandwidth:<nil> IpRanges:[]}] Aliases:map[]}"
Apr 10 14:22:37 ip-10-0-131-77 crio[2197]: time="2025-04-10 14:22:37.714416088Z" level=info msg="Checking pod openshift-controller-manager_controller-manager-57579fdfc9-rwqw9 for CNI network multus-cni-network (type=multus)"
Apr 10 14:22:37 ip-10-0-131-77 kubenswrapper[2241]: W0410 14:22:37.718513    2241 manager.go:1174] Failed to process watch event {EventType:0 Name:/kubepods.slice/kubepods-burstable.slice/kubepods-burstable-pod5fc15c8d_eef0_426c_a668_85170f6be173.slice/crio-106fb17f101bbc9e47914e2be2e10d0ba233bc7dde4ed63838f5ac86f831db3e.scope WatchSource:0}: Error finding container 106fb17f101bbc9e47914e2be2e10d0ba233bc7dde4ed63838f5ac86f831db3e: Status 404 returned error can't find the container with id 106fb17f101bbc9e47914e2be2e10d0ba233bc7dde4ed63838f5ac86f831db3e
Apr 10 14:22:37 ip-10-0-131-77 crio[2197]: time="2025-04-10 14:22:37.720489632Z" level=info msg="Ran pod sandbox 106fb17f101bbc9e47914e2be2e10d0ba233bc7dde4ed63838f5ac86f831db3e with infra container: openshift-controller-manager/controller-manager-57579fdfc9-rwqw9/POD" id=7592c9a5-82e6-41e5-af6c-0fc1e42b8d6b name=/runtime.v1.RuntimeService/RunPodSandbox
Apr 10 14:22:37 ip-10-0-131-77 crio[2197]: time="2025-04-10 14:22:37.721660662Z" level=info msg="Checking image status: quay.io/openshift-release-dev/ocp-v4.0-art-dev@sha256:b963214f14897cb4b880d45165a13955c11f263ff47aeefb8bec71e2b71be406" id=a9edf568-b353-4325-aba1-ef789519dada name=/runtime.v1.ImageService/ImageStatus
Apr 10 14:22:37 ip-10-0-131-77 crio[2197]: time="2025-04-10 14:22:37.721939975Z" level=info msg="Image status: &ImageStatusResponse{Image:&Image{Id:e9111cb561edaaeb8671993becf2d409fe6c57d2321c079beefcf461d07b0977,RepoTags:[],RepoDigests:[quay.io/openshift-release-dev/ocp-v4.0-art-dev@sha256:b963214f14897cb4b880d45165a13955c11f263ff47aeefb8bec71e2b71be406],Size_:468107899,Uid:nil,Username:,Spec:nil,Pinned:false,},Info:map[string]string{},}" id=a9edf568-b353-4325-aba1-ef789519dada name=/runtime.v1.ImageService/ImageStatus
Apr 10 14:22:37 ip-10-0-131-77 crio[2197]: time="2025-04-10 14:22:37.723018275Z" level=info msg="Checking image status: quay.io/openshift-release-dev/ocp-v4.0-art-dev@sha256:b963214f14897cb4b880d45165a13955c11f263ff47aeefb8bec71e2b71be406" id=cae3db3e-bbd3-4b8d-8a84-f0a29bdecac9 name=/runtime.v1.ImageService/ImageStatus
Apr 10 14:22:37 ip-10-0-131-77 crio[2197]: time="2025-04-10 14:22:37.723347808Z" level=info msg="Image status: &ImageStatusResponse{Image:&Image{Id:e9111cb561edaaeb8671993becf2d409fe6c57d2321c079beefcf461d07b0977,RepoTags:[],RepoDigests:[quay.io/openshift-release-dev/ocp-v4.0-art-dev@sha256:b963214f14897cb4b880d45165a13955c11f263ff47aeefb8bec71e2b71be406],Size_:468107899,Uid:nil,Username:,Spec:nil,Pinned:false,},Info:map[string]string{},}" id=cae3db3e-bbd3-4b8d-8a84-f0a29bdecac9 name=/runtime.v1.ImageService/ImageStatus
Apr 10 14:22:37 ip-10-0-131-77 crio[2197]: time="2025-04-10 14:22:37.724597799Z" level=info msg="Creating container: openshift-controller-manager/controller-manager-57579fdfc9-rwqw9/controller-manager" id=43db1fac-c5fc-4789-bad4-e63cb156c032 name=/runtime.v1.RuntimeService/CreateContainer
Apr 10 14:22:37 ip-10-0-131-77 crio[2197]: time="2025-04-10 14:22:37.724769660Z" level=warning msg="Allowed annotations are specified for workload [io.containers.trace-syscall]"
Apr 10 14:22:37 ip-10-0-131-77 systemd[1]: Started crio-conmon-b81855322852907e59a13409b03880d55c524c624b3687ed10bf62d750a77651.scope.
Apr 10 14:22:37 ip-10-0-131-77 systemd[1]: Started libcontainer container b81855322852907e59a13409b03880d55c524c624b3687ed10bf62d750a77651.
Apr 10 14:22:37 ip-10-0-131-77 crio[2197]: time="2025-04-10 14:22:37.903200707Z" level=info msg="Created container b81855322852907e59a13409b03880d55c524c624b3687ed10bf62d750a77651: openshift-controller-manager/controller-manager-57579fdfc9-rwqw9/controller-manager" id=43db1fac-c5fc-4789-bad4-e63cb156c032 name=/runtime.v1.RuntimeService/CreateContainer
Apr 10 14:22:37 ip-10-0-131-77 crio[2197]: time="2025-04-10 14:22:37.903870123Z" level=info msg="Starting container: b81855322852907e59a13409b03880d55c524c624b3687ed10bf62d750a77651" id=c427a72d-fef0-4fec-9464-de6f78802960 name=/runtime.v1.RuntimeService/StartContainer
Apr 10 14:22:37 ip-10-0-131-77 crio[2197]: time="2025-04-10 14:22:37.918797867Z" level=info msg="Started container" PID=60243 containerID=b81855322852907e59a13409b03880d55c524c624b3687ed10bf62d750a77651 description=openshift-controller-manager/controller-manager-57579fdfc9-rwqw9/controller-manager id=c427a72d-fef0-4fec-9464-de6f78802960 name=/runtime.v1.RuntimeService/StartContainer sandboxID=106fb17f101bbc9e47914e2be2e10d0ba233bc7dde4ed63838f5ac86f831db3e
Apr 10 14:22:38 ip-10-0-131-77 kubenswrapper[2241]: I0410 14:22:38.548857    2241 kubelet.go:2157] "SyncLoop (PLEG): event for pod" pod="openshift-controller-manager/controller-manager-57579fdfc9-rwqw9" event=&{ID:5fc15c8d-eef0-426c-a668-85170f6be173 Type:ContainerStarted Data:b81855322852907e59a13409b03880d55c524c624b3687ed10bf62d750a77651}
Apr 10 14:22:38 ip-10-0-131-77 kubenswrapper[2241]: I0410 14:22:38.548915    2241 kubelet.go:2157] "SyncLoop (PLEG): event for pod" pod="openshift-controller-manager/controller-manager-57579fdfc9-rwqw9" event=&{ID:5fc15c8d-eef0-426c-a668-85170f6be173 Type:ContainerStarted Data:106fb17f101bbc9e47914e2be2e10d0ba233bc7dde4ed63838f5ac86f831db3e}
Apr 10 14:22:38 ip-10-0-131-77 kubenswrapper[2241]: I0410 14:22:38.549317    2241 kubelet.go:2229] "SyncLoop (probe)" probe="readiness" status="" pod="openshift-controller-manager/controller-manager-57579fdfc9-rwqw9"
Apr 10 14:22:38 ip-10-0-131-77 kubenswrapper[2241]: I0410 14:22:38.555460    2241 kubelet.go:2229] "SyncLoop (probe)" probe="readiness" status="ready" pod="openshift-controller-manager/controller-manager-57579fdfc9-rwqw9"
Apr 10 14:22:39 ip-10-0-131-77 kubenswrapper[2241]: I0410 14:22:39.262814    2241 kubelet.go:2119] "SyncLoop ADD" source="api" pods=[openshift-route-controller-manager/route-controller-manager-7b69c57c8b-vx4nz]
Apr 10 14:22:39 ip-10-0-131-77 kubenswrapper[2241]: I0410 14:22:39.262928    2241 topology_manager.go:205] "Topology Admit Handler"
Apr 10 14:22:39 ip-10-0-131-77 systemd[1]: Created slice libcontainer container kubepods-burstable-pod80e8a1c6_164d_46ac_b45e_8d1ebb4efcfd.slice.
Apr 10 14:22:39 ip-10-0-131-77 kubenswrapper[2241]: I0410 14:22:39.413712    2241 reconciler.go:357] "operationExecutor.VerifyControllerAttachedVolume started for volume \"config\" (UniqueName: \"kubernetes.io/configmap/80e8a1c6-164d-46ac-b45e-8d1ebb4efcfd-config\") pod \"route-controller-manager-7b69c57c8b-vx4nz\" (UID: \"80e8a1c6-164d-46ac-b45e-8d1ebb4efcfd\") " pod="openshift-route-controller-manager/route-controller-manager-7b69c57c8b-vx4nz"
Apr 10 14:22:39 ip-10-0-131-77 kubenswrapper[2241]: I0410 14:22:39.413830    2241 reconciler.go:357] "operationExecutor.VerifyControllerAttachedVolume started for volume \"kube-api-access-w8lhm\" (UniqueName: \"kubernetes.io/projected/80e8a1c6-164d-46ac-b45e-8d1ebb4efcfd-kube-api-access-w8lhm\") pod \"route-controller-manager-7b69c57c8b-vx4nz\" (UID: \"80e8a1c6-164d-46ac-b45e-8d1ebb4efcfd\") " pod="openshift-route-controller-manager/route-controller-manager-7b69c57c8b-vx4nz"
Apr 10 14:22:39 ip-10-0-131-77 kubenswrapper[2241]: I0410 14:22:39.414339    2241 reconciler.go:357] "operationExecutor.VerifyControllerAttachedVolume started for volume \"client-ca\" (UniqueName: \"kubernetes.io/configmap/80e8a1c6-164d-46ac-b45e-8d1ebb4efcfd-client-ca\") pod \"route-controller-manager-7b69c57c8b-vx4nz\" (UID: \"80e8a1c6-164d-46ac-b45e-8d1ebb4efcfd\") " pod="openshift-route-controller-manager/route-controller-manager-7b69c57c8b-vx4nz"
Apr 10 14:22:39 ip-10-0-131-77 kubenswrapper[2241]: I0410 14:22:39.414427    2241 reconciler.go:357] "operationExecutor.VerifyControllerAttachedVolume started for volume \"serving-cert\" (UniqueName: \"kubernetes.io/secret/80e8a1c6-164d-46ac-b45e-8d1ebb4efcfd-serving-cert\") pod \"route-controller-manager-7b69c57c8b-vx4nz\" (UID: \"80e8a1c6-164d-46ac-b45e-8d1ebb4efcfd\") " pod="openshift-route-controller-manager/route-controller-manager-7b69c57c8b-vx4nz"
Apr 10 14:22:39 ip-10-0-131-77 kubenswrapper[2241]: I0410 14:22:39.432011    2241 kubelet.go:2126] "SyncLoop UPDATE" source="api" pods=[openshift-route-controller-manager/route-controller-manager-7b69c57c8b-vx4nz]
Apr 10 14:22:39 ip-10-0-131-77 kubenswrapper[2241]: I0410 14:22:39.515407    2241 reconciler.go:269] "operationExecutor.MountVolume started for volume \"client-ca\" (UniqueName: \"kubernetes.io/configmap/80e8a1c6-164d-46ac-b45e-8d1ebb4efcfd-client-ca\") pod \"route-controller-manager-7b69c57c8b-vx4nz\" (UID: \"80e8a1c6-164d-46ac-b45e-8d1ebb4efcfd\") " pod="openshift-route-controller-manager/route-controller-manager-7b69c57c8b-vx4nz"
Apr 10 14:22:39 ip-10-0-131-77 kubenswrapper[2241]: I0410 14:22:39.515474    2241 reconciler.go:269] "operationExecutor.MountVolume started for volume \"serving-cert\" (UniqueName: \"kubernetes.io/secret/80e8a1c6-164d-46ac-b45e-8d1ebb4efcfd-serving-cert\") pod \"route-controller-manager-7b69c57c8b-vx4nz\" (UID: \"80e8a1c6-164d-46ac-b45e-8d1ebb4efcfd\") " pod="openshift-route-controller-manager/route-controller-manager-7b69c57c8b-vx4nz"
Apr 10 14:22:39 ip-10-0-131-77 kubenswrapper[2241]: I0410 14:22:39.515529    2241 reconciler.go:269] "operationExecutor.MountVolume started for volume \"config\" (UniqueName: \"kubernetes.io/configmap/80e8a1c6-164d-46ac-b45e-8d1ebb4efcfd-config\") pod \"route-controller-manager-7b69c57c8b-vx4nz\" (UID: \"80e8a1c6-164d-46ac-b45e-8d1ebb4efcfd\") " pod="openshift-route-controller-manager/route-controller-manager-7b69c57c8b-vx4nz"
Apr 10 14:22:39 ip-10-0-131-77 kubenswrapper[2241]: I0410 14:22:39.515595    2241 reconciler.go:269] "operationExecutor.MountVolume started for volume \"kube-api-access-w8lhm\" (UniqueName: \"kubernetes.io/projected/80e8a1c6-164d-46ac-b45e-8d1ebb4efcfd-kube-api-access-w8lhm\") pod \"route-controller-manager-7b69c57c8b-vx4nz\" (UID: \"80e8a1c6-164d-46ac-b45e-8d1ebb4efcfd\") " pod="openshift-route-controller-manager/route-controller-manager-7b69c57c8b-vx4nz"
Apr 10 14:22:39 ip-10-0-131-77 kubenswrapper[2241]: I0410 14:22:39.516473    2241 operation_generator.go:730] "MountVolume.SetUp succeeded for volume \"client-ca\" (UniqueName: \"kubernetes.io/configmap/80e8a1c6-164d-46ac-b45e-8d1ebb4efcfd-client-ca\") pod \"route-controller-manager-7b69c57c8b-vx4nz\" (UID: \"80e8a1c6-164d-46ac-b45e-8d1ebb4efcfd\") " pod="openshift-route-controller-manager/route-controller-manager-7b69c57c8b-vx4nz"
Apr 10 14:22:39 ip-10-0-131-77 kubenswrapper[2241]: I0410 14:22:39.516544    2241 operation_generator.go:730] "MountVolume.SetUp succeeded for volume \"config\" (UniqueName: \"kubernetes.io/configmap/80e8a1c6-164d-46ac-b45e-8d1ebb4efcfd-config\") pod \"route-controller-manager-7b69c57c8b-vx4nz\" (UID: \"80e8a1c6-164d-46ac-b45e-8d1ebb4efcfd\") " pod="openshift-route-controller-manager/route-controller-manager-7b69c57c8b-vx4nz"
Apr 10 14:22:39 ip-10-0-131-77 kubenswrapper[2241]: I0410 14:22:39.529834    2241 operation_generator.go:730] "MountVolume.SetUp succeeded for volume \"serving-cert\" (UniqueName: \"kubernetes.io/secret/80e8a1c6-164d-46ac-b45e-8d1ebb4efcfd-serving-cert\") pod \"route-controller-manager-7b69c57c8b-vx4nz\" (UID: \"80e8a1c6-164d-46ac-b45e-8d1ebb4efcfd\") " pod="openshift-route-controller-manager/route-controller-manager-7b69c57c8b-vx4nz"
Apr 10 14:22:39 ip-10-0-131-77 kubenswrapper[2241]: I0410 14:22:39.623377    2241 operation_generator.go:730] "MountVolume.SetUp succeeded for volume \"kube-api-access-w8lhm\" (UniqueName: \"kubernetes.io/projected/80e8a1c6-164d-46ac-b45e-8d1ebb4efcfd-kube-api-access-w8lhm\") pod \"route-controller-manager-7b69c57c8b-vx4nz\" (UID: \"80e8a1c6-164d-46ac-b45e-8d1ebb4efcfd\") " pod="openshift-route-controller-manager/route-controller-manager-7b69c57c8b-vx4nz"
Apr 10 14:22:39 ip-10-0-131-77 kubenswrapper[2241]: I0410 14:22:39.889217    2241 util.go:30] "No sandbox for pod can be found. Need to start a new one" pod="openshift-route-controller-manager/route-controller-manager-7b69c57c8b-vx4nz"
Apr 10 14:22:39 ip-10-0-131-77 crio[2197]: time="2025-04-10 14:22:39.889885125Z" level=info msg="Running pod sandbox: openshift-route-controller-manager/route-controller-manager-7b69c57c8b-vx4nz/POD" id=9ca7cfaf-1287-4083-9f20-f92143525614 name=/runtime.v1.RuntimeService/RunPodSandbox
Apr 10 14:22:39 ip-10-0-131-77 crio[2197]: time="2025-04-10 14:22:39.890069667Z" level=warning msg="Allowed annotations are specified for workload [io.containers.trace-syscall]"
Apr 10 14:22:39 ip-10-0-131-77 crio[2197]: time="2025-04-10 14:22:39.901622410Z" level=info msg="Got pod network &{Name:route-controller-manager-7b69c57c8b-vx4nz Namespace:openshift-route-controller-manager ID:c5abfded6fb899e561fa5b31517eb8e37487fa640ca829c8c0fa822c960741d8 UID:80e8a1c6-164d-46ac-b45e-8d1ebb4efcfd NetNS:/var/run/netns/cb2880c9-87f8-48be-96a7-0e47662395d8 Networks:[] RuntimeConfig:map[multus-cni-network:{IP: MAC: PortMappings:[] Bandwidth:<nil> IpRanges:[]}] Aliases:map[]}"
Apr 10 14:22:39 ip-10-0-131-77 crio[2197]: time="2025-04-10 14:22:39.901673190Z" level=info msg="Adding pod openshift-route-controller-manager_route-controller-manager-7b69c57c8b-vx4nz to CNI network \"multus-cni-network\" (type=multus)"
Apr 10 14:22:40 ip-10-0-131-77 systemd-udevd[60321]: link_config: autonegotiation is unset or enabled, the speed and duplex are not writable.
Apr 10 14:22:40 ip-10-0-131-77 systemd-udevd[60321]: Could not generate persistent MAC address for c5abfded6fb899e: No such file or directory
Apr 10 14:22:40 ip-10-0-131-77 kernel: IPv6: ADDRCONF(NETDEV_UP): c5abfded6fb899e: link is not ready
Apr 10 14:22:40 ip-10-0-131-77 kernel: IPv6: ADDRCONF(NETDEV_UP): eth0: link is not ready
Apr 10 14:22:40 ip-10-0-131-77 NetworkManager[1273]: <info>  [1744294960.2048] manager: (c5abfded6fb899e): new Veth device (/org/freedesktop/NetworkManager/Devices/94)
Apr 10 14:22:40 ip-10-0-131-77 kernel: IPv6: ADDRCONF(NETDEV_CHANGE): eth0: link becomes ready
Apr 10 14:22:40 ip-10-0-131-77 kernel: IPv6: ADDRCONF(NETDEV_CHANGE): c5abfded6fb899e: link becomes ready
Apr 10 14:22:40 ip-10-0-131-77 NetworkManager[1273]: <info>  [1744294960.2061] device (c5abfded6fb899e): carrier: link connected
Apr 10 14:22:40 ip-10-0-131-77 kernel: device c5abfded6fb899e entered promiscuous mode
Apr 10 14:22:40 ip-10-0-131-77 ovs-vswitchd[1226]: ovs|00226|bridge|INFO|bridge br-int: added interface c5abfded6fb899e on port 42
Apr 10 14:22:40 ip-10-0-131-77 NetworkManager[1273]: <info>  [1744294960.2377] manager: (c5abfded6fb899e): new Open vSwitch Port device (/org/freedesktop/NetworkManager/Devices/95)
Apr 10 14:22:40 ip-10-0-131-77 crio[2197]: I0410 14:22:40.199995   60306 ovs.go:90] Maximum command line arguments set to: 191102
Apr 10 14:22:40 ip-10-0-131-77 crio[2197]: 2025-04-10T14:22:40Z [verbose] Add: openshift-route-controller-manager:route-controller-manager-7b69c57c8b-vx4nz:80e8a1c6-164d-46ac-b45e-8d1ebb4efcfd:ovn-kubernetes(ovn-kubernetes):eth0 {"cniVersion":"0.4.0","interfaces":[{"name":"c5abfded6fb899e","mac":"3e:06:84:2f:7f:f0"},{"name":"eth0","mac":"0a:58:0a:81:00:16","sandbox":"/var/run/netns/cb2880c9-87f8-48be-96a7-0e47662395d8"}],"ips":[{"version":"4","interface":1,"address":"10.129.0.22/23","gateway":"10.129.0.1"}],"dns":{}}
Apr 10 14:22:40 ip-10-0-131-77 crio[2197]: I0410 14:22:40.307356   60295 event.go:282] Event(v1.ObjectReference{Kind:"Pod", Namespace:"openshift-route-controller-manager", Name:"route-controller-manager-7b69c57c8b-vx4nz", UID:"80e8a1c6-164d-46ac-b45e-8d1ebb4efcfd", APIVersion:"v1", ResourceVersion:"624714", FieldPath:""}): type: 'Normal' reason: 'AddedInterface' Add eth0 [10.129.0.22/23] from ovn-kubernetes
Apr 10 14:22:40 ip-10-0-131-77 crio[2197]: time="2025-04-10 14:22:40.343595505Z" level=info msg="Got pod network &{Name:route-controller-manager-7b69c57c8b-vx4nz Namespace:openshift-route-controller-manager ID:c5abfded6fb899e561fa5b31517eb8e37487fa640ca829c8c0fa822c960741d8 UID:80e8a1c6-164d-46ac-b45e-8d1ebb4efcfd NetNS:/var/run/netns/cb2880c9-87f8-48be-96a7-0e47662395d8 Networks:[] RuntimeConfig:map[multus-cni-network:{IP: MAC: PortMappings:[] Bandwidth:<nil> IpRanges:[]}] Aliases:map[]}"
Apr 10 14:22:40 ip-10-0-131-77 crio[2197]: time="2025-04-10 14:22:40.343871017Z" level=info msg="Checking pod openshift-route-controller-manager_route-controller-manager-7b69c57c8b-vx4nz for CNI network multus-cni-network (type=multus)"
Apr 10 14:22:40 ip-10-0-131-77 kubenswrapper[2241]: I0410 14:22:40.349540    2241 kubelet.go:2126] "SyncLoop UPDATE" source="api" pods=[openshift-route-controller-manager/route-controller-manager-7b69c57c8b-vx4nz]
Apr 10 14:22:40 ip-10-0-131-77 kubenswrapper[2241]: W0410 14:22:40.350004    2241 manager.go:1174] Failed to process watch event {EventType:0 Name:/kubepods.slice/kubepods-burstable.slice/kubepods-burstable-pod80e8a1c6_164d_46ac_b45e_8d1ebb4efcfd.slice/crio-c5abfded6fb899e561fa5b31517eb8e37487fa640ca829c8c0fa822c960741d8.scope WatchSource:0}: Error finding container c5abfded6fb899e561fa5b31517eb8e37487fa640ca829c8c0fa822c960741d8: Status 404 returned error can't find the container with id c5abfded6fb899e561fa5b31517eb8e37487fa640ca829c8c0fa822c960741d8
Apr 10 14:22:40 ip-10-0-131-77 crio[2197]: time="2025-04-10 14:22:40.350714639Z" level=info msg="Ran pod sandbox c5abfded6fb899e561fa5b31517eb8e37487fa640ca829c8c0fa822c960741d8 with infra container: openshift-route-controller-manager/route-controller-manager-7b69c57c8b-vx4nz/POD" id=9ca7cfaf-1287-4083-9f20-f92143525614 name=/runtime.v1.RuntimeService/RunPodSandbox
Apr 10 14:22:40 ip-10-0-131-77 crio[2197]: time="2025-04-10 14:22:40.351918569Z" level=info msg="Checking image status: quay.io/openshift-release-dev/ocp-v4.0-art-dev@sha256:bdb7526832ecada22aad67a4e593d31d5a93887fa51845cd5dfe4f65cffb3214" id=fa63c312-be73-4d23-9584-6fdea9cc953a name=/runtime.v1.ImageService/ImageStatus
Apr 10 14:22:40 ip-10-0-131-77 crio[2197]: time="2025-04-10 14:22:40.352262762Z" level=info msg="Image status: &ImageStatusResponse{Image:&Image{Id:ee911bfa0bc83b6d44d90b3387594f3fb9ea6de4f4b0b65796d54e612bb3c0c0,RepoTags:[],RepoDigests:[quay.io/openshift-release-dev/ocp-v4.0-art-dev@sha256:bdb7526832ecada22aad67a4e593d31d5a93887fa51845cd5dfe4f65cffb3214],Size_:452519401,Uid:nil,Username:,Spec:nil,Pinned:false,},Info:map[string]string{},}" id=fa63c312-be73-4d23-9584-6fdea9cc953a name=/runtime.v1.ImageService/ImageStatus
Apr 10 14:22:40 ip-10-0-131-77 crio[2197]: time="2025-04-10 14:22:40.353139650Z" level=info msg="Checking image status: quay.io/openshift-release-dev/ocp-v4.0-art-dev@sha256:bdb7526832ecada22aad67a4e593d31d5a93887fa51845cd5dfe4f65cffb3214" id=40575812-a750-4fe6-b85a-b00260b22a2d name=/runtime.v1.ImageService/ImageStatus
Apr 10 14:22:40 ip-10-0-131-77 crio[2197]: time="2025-04-10 14:22:40.353504064Z" level=info msg="Image status: &ImageStatusResponse{Image:&Image{Id:ee911bfa0bc83b6d44d90b3387594f3fb9ea6de4f4b0b65796d54e612bb3c0c0,RepoTags:[],RepoDigests:[quay.io/openshift-release-dev/ocp-v4.0-art-dev@sha256:bdb7526832ecada22aad67a4e593d31d5a93887fa51845cd5dfe4f65cffb3214],Size_:452519401,Uid:nil,Username:,Spec:nil,Pinned:false,},Info:map[string]string{},}" id=40575812-a750-4fe6-b85a-b00260b22a2d name=/runtime.v1.ImageService/ImageStatus
Apr 10 14:22:40 ip-10-0-131-77 crio[2197]: time="2025-04-10 14:22:40.354954937Z" level=info msg="Creating container: openshift-route-controller-manager/route-controller-manager-7b69c57c8b-vx4nz/route-controller-manager" id=b2f36527-d33d-4459-8773-72f5e7a124ff name=/runtime.v1.RuntimeService/CreateContainer
Apr 10 14:22:40 ip-10-0-131-77 crio[2197]: time="2025-04-10 14:22:40.355366280Z" level=warning msg="Allowed annotations are specified for workload [io.containers.trace-syscall]"
Apr 10 14:22:40 ip-10-0-131-77 systemd[1]: Started crio-conmon-b6400f98a2548f7287e0566dc6c041c9eba2ce9deabadc90e7c8b0d12b90be29.scope.
Apr 10 14:22:40 ip-10-0-131-77 systemd[1]: Started libcontainer container b6400f98a2548f7287e0566dc6c041c9eba2ce9deabadc90e7c8b0d12b90be29.
Apr 10 14:22:40 ip-10-0-131-77 crio[2197]: time="2025-04-10 14:22:40.554269290Z" level=info msg="Created container b6400f98a2548f7287e0566dc6c041c9eba2ce9deabadc90e7c8b0d12b90be29: openshift-route-controller-manager/route-controller-manager-7b69c57c8b-vx4nz/route-controller-manager" id=b2f36527-d33d-4459-8773-72f5e7a124ff name=/runtime.v1.RuntimeService/CreateContainer
Apr 10 14:22:40 ip-10-0-131-77 crio[2197]: time="2025-04-10 14:22:40.554754424Z" level=info msg="Starting container: b6400f98a2548f7287e0566dc6c041c9eba2ce9deabadc90e7c8b0d12b90be29" id=8db69275-6db4-4a28-a1dc-d38cc3d54327 name=/runtime.v1.RuntimeService/StartContainer
Apr 10 14:22:40 ip-10-0-131-77 kubenswrapper[2241]: I0410 14:22:40.557114    2241 kubelet.go:2157] "SyncLoop (PLEG): event for pod" pod="openshift-route-controller-manager/route-controller-manager-7b69c57c8b-vx4nz" event=&{ID:80e8a1c6-164d-46ac-b45e-8d1ebb4efcfd Type:ContainerStarted Data:c5abfded6fb899e561fa5b31517eb8e37487fa640ca829c8c0fa822c960741d8}
Apr 10 14:22:40 ip-10-0-131-77 ovs-vswitchd[1226]: ovs|00227|connmgr|INFO|br-ex<->unix#599: 2 flow_mods in the last 0 s (2 adds)
Apr 10 14:22:40 ip-10-0-131-77 crio[2197]: time="2025-04-10 14:22:40.571559085Z" level=info msg="Started container" PID=60361 containerID=b6400f98a2548f7287e0566dc6c041c9eba2ce9deabadc90e7c8b0d12b90be29 description=openshift-route-controller-manager/route-controller-manager-7b69c57c8b-vx4nz/route-controller-manager id=8db69275-6db4-4a28-a1dc-d38cc3d54327 name=/runtime.v1.RuntimeService/StartContainer sandboxID=c5abfded6fb899e561fa5b31517eb8e37487fa640ca829c8c0fa822c960741d8
Apr 10 14:22:41 ip-10-0-131-77 kubenswrapper[2241]: I0410 14:22:41.562416    2241 kubelet.go:2157] "SyncLoop (PLEG): event for pod" pod="openshift-route-controller-manager/route-controller-manager-7b69c57c8b-vx4nz" event=&{ID:80e8a1c6-164d-46ac-b45e-8d1ebb4efcfd Type:ContainerStarted Data:b6400f98a2548f7287e0566dc6c041c9eba2ce9deabadc90e7c8b0d12b90be29}
Apr 10 14:22:41 ip-10-0-131-77 kubenswrapper[2241]: I0410 14:22:41.562841    2241 kubelet.go:2229] "SyncLoop (probe)" probe="readiness" status="" pod="openshift-route-controller-manager/route-controller-manager-7b69c57c8b-vx4nz"
Apr 10 14:22:41 ip-10-0-131-77 kubenswrapper[2241]: I0410 14:22:41.569717    2241 kubelet.go:2229] "SyncLoop (probe)" probe="readiness" status="ready" pod="openshift-route-controller-manager/route-controller-manager-7b69c57c8b-vx4nz"
Apr 10 14:22:55 ip-10-0-131-77 ovs-vswitchd[1226]: ovs|00228|connmgr|INFO|br-ex<->unix#609: 2 flow_mods in the last 0 s (2 adds)
Apr 10 14:23:06 ip-10-0-131-77 systemd[1]: run-runc-04a80c3f0ce5ac7d112dcb61ffdcb37f1da042ec633525ad5742c2ae7046b22f-runc.pF2hIv.mount: Succeeded.
Apr 10 14:23:10 ip-10-0-131-77 ovs-vswitchd[1226]: ovs|00229|connmgr|INFO|br-ex<->unix#612: 2 flow_mods in the last 0 s (2 adds)
Apr 10 14:23:16 ip-10-0-131-77 systemd[1]: run-runc-04a80c3f0ce5ac7d112dcb61ffdcb37f1da042ec633525ad5742c2ae7046b22f-runc.XBjO0S.mount: Succeeded.
Apr 10 14:23:16 ip-10-0-131-77 systemd[1]: run-runc-a108c036d440687418ddfe048d83d1e659a3560a6cbdec18052b1791b0ffa44e-runc.gqb5bV.mount: Succeeded.
Apr 10 14:23:17 ip-10-0-131-77 systemd[1]: run-runc-2eeb8aa8b70ecc4a069115ec21354f435196a65b85d26050681ab3c54c5d9a94-runc.rR2nlG.mount: Succeeded.
Apr 10 14:23:22 ip-10-0-131-77 systemd[1]: Starting rpm-ostree System Management Daemon...
Apr 10 14:23:22 ip-10-0-131-77 rpm-ostree[61921]: Reading config file '/etc/rpm-ostreed.conf'
Apr 10 14:23:22 ip-10-0-131-77 rpm-ostree[61921]: In idle state; will auto-exit in 62 seconds
Apr 10 14:23:22 ip-10-0-131-77 systemd[1]: Started rpm-ostree System Management Daemon.
Apr 10 14:23:22 ip-10-0-131-77 rpm-ostree[61921]: client(id:machine-config-operator dbus:1.360 unit:crio-bb1a68d68873bb9a08db949ae0c746fee77ab42b4797e0c7b692b73c8008f7fe.scope uid:0) added; new total=1
Apr 10 14:23:23 ip-10-0-131-77 rpm-ostree[61921]: client(id:machine-config-operator dbus:1.360 unit:crio-bb1a68d68873bb9a08db949ae0c746fee77ab42b4797e0c7b692b73c8008f7fe.scope uid:0) vanished; remaining=0
Apr 10 14:23:23 ip-10-0-131-77 rpm-ostree[61921]: In idle state; will auto-exit in 60 seconds
Apr 10 14:23:23 ip-10-0-131-77 root[61942]: machine-config-daemon[4014]: Starting update from rendered-master-846b5b0751bab516cd000e1aa8e2ad0e to rendered-master-e52602b4b0ce947dcf081ee57704f0b6: &{osUpdate:false kargs:false fips:false passwd:false files:true units:false kernelType:false extensions:false}
Apr 10 14:23:23 ip-10-0-131-77 kubenswrapper[2241]: I0410 14:23:23.175393    2241 dynamic_cafile_content.go:211] "Failed to remove file watch, it may have been deleted" file="/etc/kubernetes/kubelet-ca.crt" err="can't remove non-existent inotify watch for: /etc/kubernetes/kubelet-ca.crt"
Apr 10 14:23:23 ip-10-0-131-77 kubenswrapper[2241]: I0410 14:23:23.175824    2241 dynamic_cafile_content.go:119] "Loaded a new CA Bundle and Verifier" name="client-ca-bundle::/etc/kubernetes/kubelet-ca.crt"
Apr 10 14:23:23 ip-10-0-131-77 systemd[1]: Reloading.
Apr 10 14:23:23 ip-10-0-131-77 coreos-platform-chrony: /run/coreos-platform-chrony.conf already exists; skipping
Apr 10 14:23:23 ip-10-0-131-77 systemd[1]: /usr/lib/systemd/system/bootupd.service:22: Unknown lvalue 'ProtectHostname' in section 'Service'
Apr 10 14:23:24 ip-10-0-131-77 systemd[1]: Reloading.
Apr 10 14:23:24 ip-10-0-131-77 coreos-platform-chrony: /run/coreos-platform-chrony.conf already exists; skipping
Apr 10 14:23:24 ip-10-0-131-77 systemd[1]: /usr/lib/systemd/system/bootupd.service:22: Unknown lvalue 'ProtectHostname' in section 'Service'
Apr 10 14:23:25 ip-10-0-131-77 systemd[1]: Reloading.
Apr 10 14:23:25 ip-10-0-131-77 coreos-platform-chrony: /run/coreos-platform-chrony.conf already exists; skipping
Apr 10 14:23:25 ip-10-0-131-77 ovs-vswitchd[1226]: ovs|00230|connmgr|INFO|br-ex<->unix#622: 2 flow_mods in the last 0 s (2 adds)
Apr 10 14:23:25 ip-10-0-131-77 systemd[1]: /usr/lib/systemd/system/bootupd.service:22: Unknown lvalue 'ProtectHostname' in section 'Service'
Apr 10 14:23:26 ip-10-0-131-77 systemd[1]: Reloading.
Apr 10 14:23:26 ip-10-0-131-77 coreos-platform-chrony: /run/coreos-platform-chrony.conf already exists; skipping
Apr 10 14:23:26 ip-10-0-131-77 systemd[1]: /usr/lib/systemd/system/bootupd.service:22: Unknown lvalue 'ProtectHostname' in section 'Service'
Apr 10 14:23:27 ip-10-0-131-77 systemd[1]: Reloading.
Apr 10 14:23:27 ip-10-0-131-77 coreos-platform-chrony: /run/coreos-platform-chrony.conf already exists; skipping
Apr 10 14:23:27 ip-10-0-131-77 systemd[1]: /usr/lib/systemd/system/bootupd.service:22: Unknown lvalue 'ProtectHostname' in section 'Service'
Apr 10 14:23:28 ip-10-0-131-77 logger[62483]: rendered-master-e52602b4b0ce947dcf081ee57704f0b6
Apr 10 14:23:28 ip-10-0-131-77 root[62484]: machine-config-daemon[4014]: Node has Desired Config rendered-master-e52602b4b0ce947dcf081ee57704f0b6, skipping reboot
Apr 10 14:23:31 ip-10-0-131-77 ovs-vswitchd[1226]: ovs|00231|connmgr|INFO|br-int<->unix#2: 221 flow_mods in the 54 s starting 55 s ago (111 adds, 110 deletes)
Apr 10 14:23:32 ip-10-0-131-77 kubenswrapper[2241]: I0410 14:23:32.179260    2241 kubelet.go:2119] "SyncLoop ADD" source="api" pods=[openshift-marketplace/certified-operators-xlj59]
Apr 10 14:23:32 ip-10-0-131-77 kubenswrapper[2241]: I0410 14:23:32.179365    2241 topology_manager.go:205] "Topology Admit Handler"
Apr 10 14:23:32 ip-10-0-131-77 systemd[1]: Created slice libcontainer container kubepods-burstable-pod4b86b847_d2d1_488b_99f1_41ff267247bc.slice.
Apr 10 14:23:32 ip-10-0-131-77 kubenswrapper[2241]: I0410 14:23:32.214431    2241 kubelet.go:2126] "SyncLoop UPDATE" source="api" pods=[openshift-marketplace/certified-operators-xlj59]
Apr 10 14:23:32 ip-10-0-131-77 kubenswrapper[2241]: I0410 14:23:32.318747    2241 reconciler.go:357] "operationExecutor.VerifyControllerAttachedVolume started for volume \"kube-api-access-9vl49\" (UniqueName: \"kubernetes.io/projected/4b86b847-d2d1-488b-99f1-41ff267247bc-kube-api-access-9vl49\") pod \"certified-operators-xlj59\" (UID: \"4b86b847-d2d1-488b-99f1-41ff267247bc\") " pod="openshift-marketplace/certified-operators-xlj59"
Apr 10 14:23:32 ip-10-0-131-77 kubenswrapper[2241]: I0410 14:23:32.419577    2241 reconciler.go:269] "operationExecutor.MountVolume started for volume \"kube-api-access-9vl49\" (UniqueName: \"kubernetes.io/projected/4b86b847-d2d1-488b-99f1-41ff267247bc-kube-api-access-9vl49\") pod \"certified-operators-xlj59\" (UID: \"4b86b847-d2d1-488b-99f1-41ff267247bc\") " pod="openshift-marketplace/certified-operators-xlj59"
Apr 10 14:23:32 ip-10-0-131-77 kubenswrapper[2241]: I0410 14:23:32.464254    2241 operation_generator.go:730] "MountVolume.SetUp succeeded for volume \"kube-api-access-9vl49\" (UniqueName: \"kubernetes.io/projected/4b86b847-d2d1-488b-99f1-41ff267247bc-kube-api-access-9vl49\") pod \"certified-operators-xlj59\" (UID: \"4b86b847-d2d1-488b-99f1-41ff267247bc\") " pod="openshift-marketplace/certified-operators-xlj59"
Apr 10 14:23:32 ip-10-0-131-77 kubenswrapper[2241]: I0410 14:23:32.518442    2241 util.go:30] "No sandbox for pod can be found. Need to start a new one" pod="openshift-marketplace/certified-operators-xlj59"
Apr 10 14:23:32 ip-10-0-131-77 crio[2197]: time="2025-04-10 14:23:32.519416939Z" level=info msg="Running pod sandbox: openshift-marketplace/certified-operators-xlj59/POD" id=f952ed1d-8923-4896-b15e-e57b133a87d1 name=/runtime.v1.RuntimeService/RunPodSandbox
Apr 10 14:23:32 ip-10-0-131-77 crio[2197]: time="2025-04-10 14:23:32.520868621Z" level=warning msg="Allowed annotations are specified for workload [io.containers.trace-syscall]"
Apr 10 14:23:32 ip-10-0-131-77 crio[2197]: time="2025-04-10 14:23:32.546443815Z" level=info msg="Got pod network &{Name:certified-operators-xlj59 Namespace:openshift-marketplace ID:6617b3b4f0e8636724daaabfd4b1e7e9a7b6e71e4168994a17d03387e8cda510 UID:4b86b847-d2d1-488b-99f1-41ff267247bc NetNS:/var/run/netns/2112b272-15a7-4a43-b98f-409d83c99fff Networks:[] RuntimeConfig:map[multus-cni-network:{IP: MAC: PortMappings:[] Bandwidth:<nil> IpRanges:[]}] Aliases:map[]}"
Apr 10 14:23:32 ip-10-0-131-77 crio[2197]: time="2025-04-10 14:23:32.546686587Z" level=info msg="Adding pod openshift-marketplace_certified-operators-xlj59 to CNI network \"multus-cni-network\" (type=multus)"
Apr 10 14:23:33 ip-10-0-131-77 kernel: IPv6: ADDRCONF(NETDEV_UP): 6617b3b4f0e8636: link is not ready
Apr 10 14:23:33 ip-10-0-131-77 kernel: IPv6: ADDRCONF(NETDEV_UP): eth0: link is not ready
Apr 10 14:23:33 ip-10-0-131-77 kernel: IPv6: ADDRCONF(NETDEV_CHANGE): eth0: link becomes ready
Apr 10 14:23:33 ip-10-0-131-77 kernel: IPv6: ADDRCONF(NETDEV_CHANGE): 6617b3b4f0e8636: link becomes ready
Apr 10 14:23:33 ip-10-0-131-77 systemd-udevd[62553]: link_config: autonegotiation is unset or enabled, the speed and duplex are not writable.
Apr 10 14:23:33 ip-10-0-131-77 systemd-udevd[62553]: Could not generate persistent MAC address for 6617b3b4f0e8636: No such file or directory
Apr 10 14:23:33 ip-10-0-131-77 NetworkManager[1273]: <info>  [1744295013.0866] device (6617b3b4f0e8636): carrier: link connected
Apr 10 14:23:33 ip-10-0-131-77 NetworkManager[1273]: <info>  [1744295013.0932] manager: (6617b3b4f0e8636): new Veth device (/org/freedesktop/NetworkManager/Devices/96)
Apr 10 14:23:33 ip-10-0-131-77 ovs-vswitchd[1226]: ovs|00232|bridge|INFO|bridge br-int: added interface 6617b3b4f0e8636 on port 43
Apr 10 14:23:33 ip-10-0-131-77 kernel: device 6617b3b4f0e8636 entered promiscuous mode
Apr 10 14:23:33 ip-10-0-131-77 kubenswrapper[2241]: I0410 14:23:33.265456    2241 kubelet_getters.go:182] "Pod status updated" pod="openshift-kube-scheduler/openshift-kube-scheduler-ip-10-0-131-77.us-east-2.compute.internal" status=Running
Apr 10 14:23:33 ip-10-0-131-77 kubenswrapper[2241]: I0410 14:23:33.265498    2241 kubelet_getters.go:182] "Pod status updated" pod="openshift-kube-apiserver/kube-apiserver-ip-10-0-131-77.us-east-2.compute.internal" status=Running
Apr 10 14:23:33 ip-10-0-131-77 kubenswrapper[2241]: I0410 14:23:33.265517    2241 kubelet_getters.go:182] "Pod status updated" pod="openshift-kube-controller-manager/kube-controller-manager-ip-10-0-131-77.us-east-2.compute.internal" status=Running
Apr 10 14:23:33 ip-10-0-131-77 kubenswrapper[2241]: I0410 14:23:33.265547    2241 kubelet_getters.go:182] "Pod status updated" pod="openshift-etcd/etcd-ip-10-0-131-77.us-east-2.compute.internal" status=Running
Apr 10 14:23:33 ip-10-0-131-77 NetworkManager[1273]: <info>  [1744295013.2673] manager: (6617b3b4f0e8636): new Open vSwitch Port device (/org/freedesktop/NetworkManager/Devices/97)
Apr 10 14:23:33 ip-10-0-131-77 crio[2197]: I0410 14:23:33.070917   62535 ovs.go:90] Maximum command line arguments set to: 191102
Apr 10 14:23:33 ip-10-0-131-77 crio[2197]: 2025-04-10T14:23:33Z [verbose] Add: openshift-marketplace:certified-operators-xlj59:4b86b847-d2d1-488b-99f1-41ff267247bc:ovn-kubernetes(ovn-kubernetes):eth0 {"cniVersion":"0.4.0","interfaces":[{"name":"6617b3b4f0e8636","mac":"aa:e8:92:a6:8d:89"},{"name":"eth0","mac":"0a:58:0a:81:00:17","sandbox":"/var/run/netns/2112b272-15a7-4a43-b98f-409d83c99fff"}],"ips":[{"version":"4","interface":1,"address":"10.129.0.23/23","gateway":"10.129.0.1"}],"dns":{}}
Apr 10 14:23:33 ip-10-0-131-77 crio[2197]: I0410 14:23:33.364153   62528 event.go:282] Event(v1.ObjectReference{Kind:"Pod", Namespace:"openshift-marketplace", Name:"certified-operators-xlj59", UID:"4b86b847-d2d1-488b-99f1-41ff267247bc", APIVersion:"v1", ResourceVersion:"626449", FieldPath:""}): type: 'Normal' reason: 'AddedInterface' Add eth0 [10.129.0.23/23] from ovn-kubernetes
Apr 10 14:23:33 ip-10-0-131-77 crio[2197]: time="2025-04-10 14:23:33.394947306Z" level=info msg="Got pod network &{Name:certified-operators-xlj59 Namespace:openshift-marketplace ID:6617b3b4f0e8636724daaabfd4b1e7e9a7b6e71e4168994a17d03387e8cda510 UID:4b86b847-d2d1-488b-99f1-41ff267247bc NetNS:/var/run/netns/2112b272-15a7-4a43-b98f-409d83c99fff Networks:[] RuntimeConfig:map[multus-cni-network:{IP: MAC: PortMappings:[] Bandwidth:<nil> IpRanges:[]}] Aliases:map[]}"
Apr 10 14:23:33 ip-10-0-131-77 crio[2197]: time="2025-04-10 14:23:33.395201748Z" level=info msg="Checking pod openshift-marketplace_certified-operators-xlj59 for CNI network multus-cni-network (type=multus)"
Apr 10 14:23:33 ip-10-0-131-77 kubenswrapper[2241]: I0410 14:23:33.396145    2241 kubelet.go:2126] "SyncLoop UPDATE" source="api" pods=[openshift-marketplace/certified-operators-xlj59]
Apr 10 14:23:33 ip-10-0-131-77 kubenswrapper[2241]: W0410 14:23:33.399407    2241 manager.go:1174] Failed to process watch event {EventType:0 Name:/kubepods.slice/kubepods-burstable.slice/kubepods-burstable-pod4b86b847_d2d1_488b_99f1_41ff267247bc.slice/crio-6617b3b4f0e8636724daaabfd4b1e7e9a7b6e71e4168994a17d03387e8cda510.scope WatchSource:0}: Error finding container 6617b3b4f0e8636724daaabfd4b1e7e9a7b6e71e4168994a17d03387e8cda510: Status 404 returned error can't find the container with id 6617b3b4f0e8636724daaabfd4b1e7e9a7b6e71e4168994a17d03387e8cda510
Apr 10 14:23:33 ip-10-0-131-77 crio[2197]: time="2025-04-10 14:23:33.406425526Z" level=info msg="Ran pod sandbox 6617b3b4f0e8636724daaabfd4b1e7e9a7b6e71e4168994a17d03387e8cda510 with infra container: openshift-marketplace/certified-operators-xlj59/POD" id=f952ed1d-8923-4896-b15e-e57b133a87d1 name=/runtime.v1.RuntimeService/RunPodSandbox
Apr 10 14:23:33 ip-10-0-131-77 crio[2197]: time="2025-04-10 14:23:33.407830369Z" level=info msg="Checking image status: registry.redhat.io/redhat/certified-operator-index:v4.12" id=62d42899-0d56-4f27-9b0c-0462f9341494 name=/runtime.v1.ImageService/ImageStatus
Apr 10 14:23:33 ip-10-0-131-77 crio[2197]: time="2025-04-10 14:23:33.408332233Z" level=info msg="Image status: &ImageStatusResponse{Image:&Image{Id:db4bc345e76e8d3e1e0a33a12480ff510510c75707096aaa745bdcc3cac7fcc9,RepoTags:[registry.redhat.io/redhat/certified-operator-index:v4.12],RepoDigests:[registry.redhat.io/redhat/certified-operator-index@sha256:8b67c9609d24ae54d46999d35bd14a6c1eca3a72de88cae7a6dc4dd1b8ec11cb registry.redhat.io/redhat/certified-operator-index@sha256:ec307b0e208cd2f181f8decff4acf40e434cfcf93f8b9e972dfcf93d3a74dd01],Size_:1424602108,Uid:&Int64Value{Value:1001,},Username:,Spec:nil,Pinned:false,},Info:map[string]string{},}" id=62d42899-0d56-4f27-9b0c-0462f9341494 name=/runtime.v1.ImageService/ImageStatus
Apr 10 14:23:33 ip-10-0-131-77 kubenswrapper[2241]: I0410 14:23:33.409139    2241 provider.go:102] Refreshing cache for provider: *credentialprovider.defaultDockerConfigProvider
Apr 10 14:23:33 ip-10-0-131-77 crio[2197]: time="2025-04-10 14:23:33.409752715Z" level=info msg="Pulling image: registry.redhat.io/redhat/certified-operator-index:v4.12" id=a9ac3763-55c1-4725-bd75-b5abdfa5416f name=/runtime.v1.ImageService/PullImage
Apr 10 14:23:33 ip-10-0-131-77 crio[2197]: time="2025-04-10 14:23:33.421552979Z" level=info msg="Trying to access \"registry.redhat.io/redhat/certified-operator-index:v4.12\""
Apr 10 14:23:33 ip-10-0-131-77 crio[2197]: time="2025-04-10 14:23:33.660838864Z" level=info msg="Stopping pod sandbox: 5f265d59e865aed6278138351777cda673a843215692f8a3bb8de0b8cfe219b7" id=4c46cc4a-f913-42ba-800b-32a3ab186eee name=/runtime.v1.RuntimeService/StopPodSandbox
Apr 10 14:23:33 ip-10-0-131-77 crio[2197]: time="2025-04-10 14:23:33.660914555Z" level=info msg="Stopped pod sandbox (already stopped): 5f265d59e865aed6278138351777cda673a843215692f8a3bb8de0b8cfe219b7" id=4c46cc4a-f913-42ba-800b-32a3ab186eee name=/runtime.v1.RuntimeService/StopPodSandbox
Apr 10 14:23:33 ip-10-0-131-77 crio[2197]: time="2025-04-10 14:23:33.661400779Z" level=info msg="Removing pod sandbox: 5f265d59e865aed6278138351777cda673a843215692f8a3bb8de0b8cfe219b7" id=2527e940-b9e1-4b01-8a05-f97cbdb9b12b name=/runtime.v1.RuntimeService/RemovePodSandbox
Apr 10 14:23:33 ip-10-0-131-77 crio[2197]: time="2025-04-10 14:23:33.678599340Z" level=info msg="Removed pod sandbox: 5f265d59e865aed6278138351777cda673a843215692f8a3bb8de0b8cfe219b7" id=2527e940-b9e1-4b01-8a05-f97cbdb9b12b name=/runtime.v1.RuntimeService/RemovePodSandbox
Apr 10 14:23:33 ip-10-0-131-77 crio[2197]: time="2025-04-10 14:23:33.679194455Z" level=info msg="Stopping pod sandbox: fe803f1de2eeecb3df02d51189251565e77f17fb22dccbd1ed417e811e49f09f" id=904cd9bf-c585-47ec-8109-4ea16f6f23bb name=/runtime.v1.RuntimeService/StopPodSandbox
Apr 10 14:23:33 ip-10-0-131-77 crio[2197]: time="2025-04-10 14:23:33.679263416Z" level=info msg="Stopped pod sandbox (already stopped): fe803f1de2eeecb3df02d51189251565e77f17fb22dccbd1ed417e811e49f09f" id=904cd9bf-c585-47ec-8109-4ea16f6f23bb name=/runtime.v1.RuntimeService/StopPodSandbox
Apr 10 14:23:33 ip-10-0-131-77 crio[2197]: time="2025-04-10 14:23:33.679568938Z" level=info msg="Removing pod sandbox: fe803f1de2eeecb3df02d51189251565e77f17fb22dccbd1ed417e811e49f09f" id=80a2ac8d-f337-41c9-883b-25289470388c name=/runtime.v1.RuntimeService/RemovePodSandbox
Apr 10 14:23:33 ip-10-0-131-77 crio[2197]: time="2025-04-10 14:23:33.694624020Z" level=info msg="Removed pod sandbox: fe803f1de2eeecb3df02d51189251565e77f17fb22dccbd1ed417e811e49f09f" id=80a2ac8d-f337-41c9-883b-25289470388c name=/runtime.v1.RuntimeService/RemovePodSandbox
Apr 10 14:23:33 ip-10-0-131-77 kubenswrapper[2241]: E0410 14:23:33.698658    2241 remote_runtime.go:625] "ContainerStatus from runtime service failed" err="rpc error: code = NotFound desc = could not find container \"43a7b90fd7801eebe97c6f9585ad0c08dcb920af7aec14850ab57bae32edd17d\": container with ID starting with 43a7b90fd7801eebe97c6f9585ad0c08dcb920af7aec14850ab57bae32edd17d not found: ID does not exist" containerID="43a7b90fd7801eebe97c6f9585ad0c08dcb920af7aec14850ab57bae32edd17d"
Apr 10 14:23:33 ip-10-0-131-77 kubenswrapper[2241]: I0410 14:23:33.698887    2241 kuberuntime_gc.go:361] "Error getting ContainerStatus for containerID" containerID="43a7b90fd7801eebe97c6f9585ad0c08dcb920af7aec14850ab57bae32edd17d" err="rpc error: code = NotFound desc = could not find container \"43a7b90fd7801eebe97c6f9585ad0c08dcb920af7aec14850ab57bae32edd17d\": container with ID starting with 43a7b90fd7801eebe97c6f9585ad0c08dcb920af7aec14850ab57bae32edd17d not found: ID does not exist"
Apr 10 14:23:33 ip-10-0-131-77 kubenswrapper[2241]: E0410 14:23:33.700789    2241 remote_runtime.go:625] "ContainerStatus from runtime service failed" err="rpc error: code = NotFound desc = could not find container \"ee867ed30d0feeb5dfed0365c73a2ccaf527407baf3be9228c2e1a04a02d8819\": container with ID starting with ee867ed30d0feeb5dfed0365c73a2ccaf527407baf3be9228c2e1a04a02d8819 not found: ID does not exist" containerID="ee867ed30d0feeb5dfed0365c73a2ccaf527407baf3be9228c2e1a04a02d8819"
Apr 10 14:23:33 ip-10-0-131-77 kubenswrapper[2241]: I0410 14:23:33.700853    2241 kuberuntime_gc.go:361] "Error getting ContainerStatus for containerID" containerID="ee867ed30d0feeb5dfed0365c73a2ccaf527407baf3be9228c2e1a04a02d8819" err="rpc error: code = NotFound desc = could not find container \"ee867ed30d0feeb5dfed0365c73a2ccaf527407baf3be9228c2e1a04a02d8819\": container with ID starting with ee867ed30d0feeb5dfed0365c73a2ccaf527407baf3be9228c2e1a04a02d8819 not found: ID does not exist"
Apr 10 14:23:33 ip-10-0-131-77 kubenswrapper[2241]: I0410 14:23:33.971953    2241 kubelet.go:2157] "SyncLoop (PLEG): event for pod" pod="openshift-marketplace/certified-operators-xlj59" event=&{ID:4b86b847-d2d1-488b-99f1-41ff267247bc Type:ContainerStarted Data:6617b3b4f0e8636724daaabfd4b1e7e9a7b6e71e4168994a17d03387e8cda510}
Apr 10 14:23:34 ip-10-0-131-77 crio[2197]: time="2025-04-10 14:23:34.468427977Z" level=info msg="Pulled image: registry.redhat.io/redhat/certified-operator-index@sha256:8b67c9609d24ae54d46999d35bd14a6c1eca3a72de88cae7a6dc4dd1b8ec11cb" id=a9ac3763-55c1-4725-bd75-b5abdfa5416f name=/runtime.v1.ImageService/PullImage
Apr 10 14:23:34 ip-10-0-131-77 crio[2197]: time="2025-04-10 14:23:34.469437205Z" level=info msg="Checking image status: registry.redhat.io/redhat/certified-operator-index:v4.12" id=68567090-bc37-429b-b202-16c103a69d69 name=/runtime.v1.ImageService/ImageStatus
Apr 10 14:23:34 ip-10-0-131-77 crio[2197]: time="2025-04-10 14:23:34.469833359Z" level=info msg="Image status: &ImageStatusResponse{Image:&Image{Id:db4bc345e76e8d3e1e0a33a12480ff510510c75707096aaa745bdcc3cac7fcc9,RepoTags:[registry.redhat.io/redhat/certified-operator-index:v4.12],RepoDigests:[registry.redhat.io/redhat/certified-operator-index@sha256:8b67c9609d24ae54d46999d35bd14a6c1eca3a72de88cae7a6dc4dd1b8ec11cb registry.redhat.io/redhat/certified-operator-index@sha256:ec307b0e208cd2f181f8decff4acf40e434cfcf93f8b9e972dfcf93d3a74dd01],Size_:1424602108,Uid:&Int64Value{Value:1001,},Username:,Spec:nil,Pinned:false,},Info:map[string]string{},}" id=68567090-bc37-429b-b202-16c103a69d69 name=/runtime.v1.ImageService/ImageStatus
Apr 10 14:23:34 ip-10-0-131-77 crio[2197]: time="2025-04-10 14:23:34.471018029Z" level=info msg="Creating container: openshift-marketplace/certified-operators-xlj59/registry-server" id=d75efbf9-9003-471b-9600-bf7cc4d4f07c name=/runtime.v1.RuntimeService/CreateContainer
Apr 10 14:23:34 ip-10-0-131-77 crio[2197]: time="2025-04-10 14:23:34.471165191Z" level=warning msg="Allowed annotations are specified for workload [io.containers.trace-syscall]"
Apr 10 14:23:34 ip-10-0-131-77 systemd[1]: Started crio-conmon-ac3f9f58622657f1f8b13700eb370a9e7c1a99cfcc13d5f33800bf14e8658760.scope.
Apr 10 14:23:34 ip-10-0-131-77 systemd[1]: Started libcontainer container ac3f9f58622657f1f8b13700eb370a9e7c1a99cfcc13d5f33800bf14e8658760.
Apr 10 14:23:34 ip-10-0-131-77 crio[2197]: time="2025-04-10 14:23:34.705670004Z" level=info msg="Created container ac3f9f58622657f1f8b13700eb370a9e7c1a99cfcc13d5f33800bf14e8658760: openshift-marketplace/certified-operators-xlj59/registry-server" id=d75efbf9-9003-471b-9600-bf7cc4d4f07c name=/runtime.v1.RuntimeService/CreateContainer
Apr 10 14:23:34 ip-10-0-131-77 crio[2197]: time="2025-04-10 14:23:34.706368260Z" level=info msg="Starting container: ac3f9f58622657f1f8b13700eb370a9e7c1a99cfcc13d5f33800bf14e8658760" id=f652042b-b988-4095-8cb4-c1320a70ce8b name=/runtime.v1.RuntimeService/StartContainer
Apr 10 14:23:34 ip-10-0-131-77 crio[2197]: time="2025-04-10 14:23:34.737261331Z" level=info msg="Started container" PID=62603 containerID=ac3f9f58622657f1f8b13700eb370a9e7c1a99cfcc13d5f33800bf14e8658760 description=openshift-marketplace/certified-operators-xlj59/registry-server id=f652042b-b988-4095-8cb4-c1320a70ce8b name=/runtime.v1.RuntimeService/StartContainer sandboxID=6617b3b4f0e8636724daaabfd4b1e7e9a7b6e71e4168994a17d03387e8cda510
Apr 10 14:23:34 ip-10-0-131-77 kubenswrapper[2241]: I0410 14:23:34.977096    2241 kubelet.go:2157] "SyncLoop (PLEG): event for pod" pod="openshift-marketplace/certified-operators-xlj59" event=&{ID:4b86b847-d2d1-488b-99f1-41ff267247bc Type:ContainerStarted Data:ac3f9f58622657f1f8b13700eb370a9e7c1a99cfcc13d5f33800bf14e8658760}
Apr 10 14:23:38 ip-10-0-131-77 root[62934]: machine-config-daemon[4014]: Update completed for config rendered-master-e52602b4b0ce947dcf081ee57704f0b6 and node has been successfully uncordoned
Apr 10 14:23:38 ip-10-0-131-77 logger[62942]: rendered-master-e52602b4b0ce947dcf081ee57704f0b6